feature_id	coordinate	A1__A__b0	A2__A__b0	A3__A__b0	B1__B__b0	B2__B__b0	B3__B__b0	isoform_ids
