feature_id	coordinate	A1__A__b0	A2__A__b0	A3__A__b0	B1__B__b0	B2__B__b0	B3__B__b0	isoform_ids
inclusion_chr20:35556271	chr20:35556271-35556954_chr20:35556271-35556972	13.0	29.0	17.0	29.0	28.0	17.0	FL:11-1|ENST00000451605.1|ENSG00000125991.19
exclusion_chr20:35556271	chr20:35556271-35556954_chr20:35556271-35556972	46.0	45.0	51.0	77.0	55.0	51.0	FL:18-1|FL:18-1|ENSG00000125991.19,FL:7-1|ENST00000348547.6|ENSG00000125991.19,FL:8-1|ENST00000357394.8|ENSG00000125991.19
