feature_id	coordinate	A1__A__b0	A2__A__b0	A3__A__b0	B1__B__b0	B2__B__b0	B3__B__b0	isoform_ids
inclusion_chr17:64500773-64502009	chr17:64500773-64502009	19.0	27.0	15.0	22.0	15.0	15.0	FL:14-1|FL:14-1|ENSG00000108654.15
exclusion_chr17:64500773-64502009	chr17:64500773-64502009	77.0	79.0	67.0	64.0	64.0	70.0	FL:13-1|FL:13-1|ENSG00000108654.15,FL:15-1|FL:15-1|ENSG00000108654.15,FL:4-1|ENST00000225792.10|ENSG00000108654.15
inclusion_chr17:64502223-64502438	chr17:64502223-64502438	0.0	0.0	0.0	1.0	0.0	0.0	FL:5-1|ENST00000585317.1|ENSG00000108654.15
exclusion_chr17:64502223-64502438	chr17:64502223-64502438	119.0	121.0	106.0	106.0	91.0	109.0	FL:13-1|FL:13-1|ENSG00000108654.15,FL:14-1|FL:14-1|ENSG00000108654.15,FL:15-1|FL:15-1|ENSG00000108654.15,FL:16-1|FL:16-1|ENSG00000108654.15,FL:17-1|FL:17-1|ENSG00000108654.15,FL:4-1|ENST00000225792.10|ENSG00000108654.15
