#isoname	productivity	tstartont	tendont	ptcpointont	AAseq
FL:1-1|ENST00000311936.8|ENSG00000133703.12	PRO	190	757	585	MTEYKLVVVGAGGVGKSALTIQLIQNHFVDEYDPTIEDSYRKQVVIDGETCLLDILDTAGQEEYSAMRDQYMRTGEGFLCVFAINNTKSFEDIHHYREQIKRVKDSEDVPMVLVGNKCDLPSRTVDTKQAQDLARSYGIPFIETSAKTRQGVDDAFYTLVREIRKHKEKMSKDGKKKKKKSKTKCVIM_
FL:2-1|ENST00000256078.9|ENSG00000133703.12	PRO	190	760	709	MTEYKLVVVGAGGVGKSALTIQLIQNHFVDEYDPTIEDSYRKQVVIDGETCLLDILDTAGQEEYSAMRDQYMRTGEGFLCVFAINNTKSFEDIHHYREQIKRVKDSEDVPMVLVGNKCDLPSRTVDTKQAQDLARSYGIPFIETSAKTRQRVEDAFYTLVREIRQYRLKKISKEEKTPGCVKIKKCIIM_
FL:3-1|ENST00000557334.5|ENSG00000133703.12	PRO	197	425	253	MTEYKLVVVGAGGVGKSALTIQLIQNHFVDEYDPTIEGVDDAFYTLVREIRKHKEKMSKDGKKKKKKSKTKCVIM_
FL:4-1|ENST00000225792.10|ENSG00000108654.15	PRO	170	2015	1556	MSGYSSDRDRGRDRGFGAPRFGGSRAGPLSGKKFGNPGEKLVKKKWNLDELPKFEKNFYQEHPDLARRTAQEVETYRRSKEITVRGHNCPKPVLNFYEANFPANVMDVIARQNFTEPTAIQAQGWPVALSGLDMVGVAQTGSGKTLSYLLPAIVHINHQPFLERGDGPICLVLAPTRELAQQVQQVAAEYCRACRLKSTCIYGGAPKGPQIRDLERGVEICIATPGRLIDFLECGKTNLRRTTYLVLDEADRMLDMGFEPQIRKIVDQIRPDRQTLMWSATWPKEVRQLAEDFLKDYIHINIGALELSANHNILQIVDVCHDVEKDEKLIRLMEEIMSEKENKTIVFVETKRRCDELTRKMRRDGWPAMGIHGDKSQQERDWVLNEFKHGKAPILIATDVASRGLDVEDVKFVINYDYPNSSEDYIHRIGRTARSTKTGTAYTFFTPNNIKQVSDLISVLREANQAINPKLLQLVEDRGSGRSRGRGGMKDDRRDRYSAGKRGGFNTFRDRENYDRGYSSLLKRDFGAKTQNGVYSAANYTNGSFGSNFVSAGIQTSFRTGNPTGTYQNGYDSTQQYGSNVPNMHNGMNQQAYAYPATAAAPMIGYPMPTGYSQ_
FL:5-1|ENST00000585317.1|ENSG00000108654.15	NGO	0	0		
FL:6-1|ENST00000584279.5|ENSG00000108654.15	NST	316	673		MSGYSSDRDRGRDRGFGAPRFGGSRAGPLSGKKFGNPGEKLVKKKWNLDELPKFEKNFYQEHPDLARRTAQEVETYRRSKEITVRGHNCPKPVLNFYEANFPANVMDVIARQNFTEPTA
FL:7-1|ENST00000348547.6|ENSG00000125991.19	PRO	77	1229	1094	MEALGKLKQFDAYPKTLEDFRVKTCGGATVTIVSGLLMLLLFLSELQYYLTTEVHPELYVDKSRGDKLKINIDVLFPHMPCAYLSIDAMDVAGEQQLDVEHNLFKQRLDKDGIPVSSEAERHELGKVEVTVFDPDSLDPDRCESCYGAEAEDIKCCNTCEDVREAYRRRGWAFKNPDTIEQCRREGFSQKMQEQKNEGCQVYGFLEVNKVAGNFHFAPGKSFQQSHVHVHDLQSFGLDNINMTHYIQHLSFGEDYPGIVNPLDHTNVTAPQASMMFQYFVKVVPTVYMKVDGEVLRTNQFSVTRHEKVANGLLGDQGLPGVFVLYELSPMMVKLTEKHRSFTHFLTGVCAIIGGMFTVAGLIDSLIYHSARAIQKKIDLGKTT_
FL:8-1|ENST00000357394.8|ENSG00000125991.19	PRO	60	1227	1092	MEALGKLKQFDAYPKTLEDFRVKTCGGATVTIVSGLLMLLLFLSELQYYLTTEVHPELYVDKSRGDKLKINIDVLFPHMPCAYLSIDAMDVAGEQQLDVEHNLFKQRLDKDGIPVSSEAERHELGKVEVTVFDPDSLDPDRCESCYGAEAEDIKCCNTCEDVREAYRRRGWAFKNPDTIEQCRREGFSQKMQEQKNEGCQVYGFLEVNKVAGNFHFAPGKSFQQSHVHVHAVEIHDLQSFGLDNINMTHYIQHLSFGEDYPGIVNPLDHTNVTAPQASMMFQYFVKVVPTVYMKVDGEVLRTNQFSVTRHEKVANGLLGDQGLPGVFVLYELSPMMVKLTEKHRSFTHFLTGVCAIIGGMFTVAGLIDSLIYHSARAIQKKIDLGKTT_
FL:9-1|ENST00000447986.5|ENSG00000125991.19	PRO	29	722	601	MEALGKLKQFDAYPKTLEDFRVKTCGGATVTIVSGLLMLLLFLSELQYYLTTEVHPELYVDKSRGDKLKINIDVLFPHMPCAYLSIDAMDVAGEQQLDVEHNLFKQRLDKDGIPVSSEAERHELGKVEVTVFDPDSLDPDRCESCYGAEAEDIKCCNTCEDVREAYRRRGWAFKNPDTIEQCRREGFSQKMQEQKNEGCQVYGFLEVNKVAGNFHFAPGKSFQQSHVHGE_
FL:10-1|ENST00000496172.5|ENSG00000125991.19	NGO	0	0		
FL:11-1|ENST00000451605.1|ENSG00000125991.19	NGO	0	0		
FL:12-1|ENST00000488384.1|ENSG00000125991.19	NGO	0	0		
FL:13-1|FL:13-1|ENSG00000108654.15	NGO	0	0		
FL:14-1|FL:14-1|ENSG00000108654.15	NGO	0	0		
FL:15-1|FL:15-1|ENSG00000108654.15	NST	174	1335		MDVIARQNFTEPTAIQAQGWPVALSGLDMVGVAQTGSGKTLSYLLPAIVHINHQPFLERGDGPICLVLAPTRELAQQVQQVAAEYCRACRLKSTCIYGGAPKGPQIRDLERGVEICIATPGRLIDFLECGKTNLRRTTYLVLDEADRMLDMGFEPQIRKIVDQIRPDRQTLMWSATWPKEVRQLAEDFLKDYIHINIGALELSANHNILQIVDVCHDVEKDEKLIRLMEEIMSEKENKTIVFVETKRRCDELTRKMRRDGWPAMGIHGDKSQQERDWVLNEFKHGKAPILIATDVASRGLDVEDVKFVINYDYPNSSEDYIHRIGRTARSTKTGTAYTFFTPNNIKQVSDLISVLREANQAINPKLLQLVEDRGSGRSRGRGGMKDD
FL:16-1|FL:16-1|ENSG00000108654.15	NGO	0	0		
FL:17-1|FL:17-1|ENSG00000108654.15	NGO	0	0		
FL:18-1|FL:18-1|ENSG00000125991.19	NST	29	1001		MEALGKLKQFDAYPKTLEDFRVKTCGGATVTIVSGLLMLLLFLSELQYYLTTEVHPELYVDKSRGDKLKINIDVLFPHMPCAYLSIDAMDVAGEQQLDVEHNLFKQRLDKDGIPVSSEAERHELGKVEVTVFDPDSLDPDRCESCYGAEAEDIKCCNTCEDVREAYRRRGWAFKNPDTIEQCRREGFSQKMQEQKNEGCQVYGFLEVNKVAGNFHFAPGKSFQQSHVHVHDLQSFGLDNINMTHYIQHLSFGEDYPGIVNPLDHTNVTAPQASMMFQYFVKVVPTVYMKVDGEVLRTNQFSVTRHEKVANGLLGDQGLPGVFVL
