FL:1-1|ENST00000311936.8|ENSG00000133703.12	HISEQ:1287:HKCG7BCX3:1:1111:10941:3218,HISEQ:1287:HKCG7BCX3:1:1105:8631:10485,HISEQ:1287:HKCG7BCX3:1:1101:14797:95979,HISEQ:1287:HKCG7BCX3:1:1108:17060:13980,HISEQ:1287:HKCG7BCX3:1:1105:3706:15680,HISEQ:1287:HKCG7BCX3:1:1101:7221:7333,HISEQ:1287:HKCG7BCX3:1:1110:19534:70554,HISEQ:1287:HKCG7BCX3:1:1104:10285:65937,HISEQ:1287:HKCG7BCX3:1:1109:18306:80951,HISEQ:1287:HKCG7BCX3:1:1102:16745:64007,HISEQ:1287:HKCG7BCX3:1:1106:3966:90769,HISEQ:1287:HKCG7BCX3:1:1107:10867:22910,HISEQ:1287:HKCG7BCX3:1:1106:5470:13027,HISEQ:1287:HKCG7BCX3:1:1112:4811:31798,HISEQ:1287:HKCG7BCX3:1:1102:15886:29814,HISEQ:1287:HKCG7BCX3:1:1111:4969:56798,HISEQ:1287:HKCG7BCX3:1:1109:7080:17060,HISEQ:1287:HKCG7BCX3:1:1102:18716:13662,HISEQ:1287:HKCG7BCX3:1:1104:5668:25533,HISEQ:1287:HKCG7BCX3:1:1112:13978:56586,HISEQ:1287:HKCG7BCX3:1:1102:18762:97887,HISEQ:1287:HKCG7BCX3:1:1104:11831:32068,HISEQ:1287:HKCG7BCX3:1:1108:6980:3658,HISEQ:1287:HKCG7BCX3:1:1104:3924:35120,HISEQ:1287:HKCG7BCX3:1:1101:18588:71611,HISEQ:1287:HKCG7BCX3:1:1106:15328:19781,HISEQ:1287:HKCG7BCX3:1:1112:13745:100326,HISEQ:1287:HKCG7BCX3:1:1103:8873:85192,HISEQ:1287:HKCG7BCX3:1:1101:7332:63555,HISEQ:1287:HKCG7BCX3:1:1114:18911:27813,HISEQ:1287:HKCG7BCX3:1:1107:11867:82425,HISEQ:1287:HKCG7BCX3:1:1102:13966:3032,HISEQ:1287:HKCG7BCX3:1:1106:20273:53429,HISEQ:1287:HKCG7BCX3:1:1111:4069:100474,HISEQ:1287:HKCG7BCX3:1:1112:1901:84059,HISEQ:1287:HKCG7BCX3:1:1113:4397:97970,HISEQ:1287:HKCG7BCX3:1:1112:17664:5169,HISEQ:1287:HKCG7BCX3:1:1108:7897:32892,HISEQ:1287:HKCG7BCX3:1:1109:16077:63982,HISEQ:1287:HKCG7BCX3:1:1108:14303:33184,HISEQ:1287:HKCG7BCX3:1:1114:17780:9525,HISEQ:1287:HKCG7BCX3:1:1113:20240:13245,HISEQ:1287:HKCG7BCX3:1:1112:2978:3124,HISEQ:1287:HKCG7BCX3:1:1112:2533:75547,HISEQ:1287:HKCG7BCX3:1:1106:11735:87772,HISEQ:1287:HKCG7BCX3:1:1109:19254:77572,HISEQ:1287:HKCG7BCX3:1:1104:11135:49419,HISEQ:1287:HKCG7BCX3:1:1104:19800:33277,HISEQ:1287:HKCG7BCX3:1:1114:3258:27337,HISEQ:1287:HKCG7BCX3:1:1104:2596:17749
FL:2-1|ENST00000256078.9|ENSG00000133703.12	HISEQ:1287:HKCG7BCX3:1:1112:17969:4967,HISEQ:1287:HKCG7BCX3:1:1104:16215:72537,HISEQ:1287:HKCG7BCX3:1:1106:9771:11382,HISEQ:1287:HKCG7BCX3:1:1104:7588:36465
FL:3-1|ENST00000557334.5|ENSG00000133703.12	HISEQ:1287:HKCG7BCX3:1:1107:6283:37925,HISEQ:1287:HKCG7BCX3:1:1114:2003:34873,HISEQ:1287:HKCG7BCX3:1:1102:14972:83732,HISEQ:1287:HKCG7BCX3:1:1106:1299:43160,HISEQ:1287:HKCG7BCX3:1:1106:18072:91703,HISEQ:1287:HKCG7BCX3:1:1102:5305:78991,HISEQ:1287:HKCG7BCX3:1:1110:1969:41308,HISEQ:1287:HKCG7BCX3:1:1108:4658:16537,HISEQ:1287:HKCG7BCX3:1:1105:9985:74787,HISEQ:1287:HKCG7BCX3:1:1111:17671:14228,HISEQ:1287:HKCG7BCX3:1:1107:9458:63518,HISEQ:1287:HKCG7BCX3:1:1101:10676:28038,HISEQ:1287:HKCG7BCX3:1:1103:9475:25168,HISEQ:1287:HKCG7BCX3:1:1107:8064:69013,HISEQ:1287:HKCG7BCX3:1:1107:9058:15845,HISEQ:1287:HKCG7BCX3:1:1102:12733:84633,HISEQ:1287:HKCG7BCX3:1:1105:14012:59854,HISEQ:1287:HKCG7BCX3:1:1111:20492:59560,HISEQ:1287:HKCG7BCX3:1:1107:19933:49444,HISEQ:1287:HKCG7BCX3:1:1103:6299:56317,HISEQ:1287:HKCG7BCX3:1:1109:21087:78049,HISEQ:1287:HKCG7BCX3:1:1111:8728:85839,HISEQ:1287:HKCG7BCX3:1:1112:4597:100322,HISEQ:1287:HKCG7BCX3:1:1104:7413:50871,HISEQ:1287:HKCG7BCX3:1:1104:5110:57608,HISEQ:1287:HKCG7BCX3:1:1102:17775:20859,HISEQ:1287:HKCG7BCX3:1:1107:10792:64119,HISEQ:1287:HKCG7BCX3:1:1102:10177:23722,HISEQ:1287:HKCG7BCX3:1:1105:16303:65953,HISEQ:1287:HKCG7BCX3:1:1102:7246:9089,HISEQ:1287:HKCG7BCX3:1:1105:11438:75421,HISEQ:1287:HKCG7BCX3:1:1104:1973:89926,HISEQ:1287:HKCG7BCX3:1:1107:11029:82918,HISEQ:1287:HKCG7BCX3:1:1105:19884:60449,HISEQ:1287:HKCG7BCX3:1:1102:4176:86930,HISEQ:1287:HKCG7BCX3:1:1109:12487:35287,HISEQ:1287:HKCG7BCX3:1:1104:8666:64258,HISEQ:1287:HKCG7BCX3:1:1102:18461:95734,HISEQ:1287:HKCG7BCX3:1:1101:6957:64687,HISEQ:1287:HKCG7BCX3:1:1108:17220:23451
FL:4-1|FL:4-1|ENSG00000133703.12	HISEQ:1287:HKCG7BCX3:1:1105:13813:32454,HISEQ:1287:HKCG7BCX3:1:1112:5514:98360,HISEQ:1287:HKCG7BCX3:1:1109:6623:3445,HISEQ:1287:HKCG7BCX3:1:1110:8563:27437,HISEQ:1287:HKCG7BCX3:1:1111:2437:28648,HISEQ:1287:HKCG7BCX3:1:1112:13079:55077,HISEQ:1287:HKCG7BCX3:1:1101:21060:3549,HISEQ:1287:HKCG7BCX3:1:1102:18101:92185,HISEQ:1287:HKCG7BCX3:1:1109:5809:76778,HISEQ:1287:HKCG7BCX3:1:1114:18617:9028
FL:5-1|FL:5-1|ENSG00000133703.12	HISEQ:1287:HKCG7BCX3:1:1113:1436:97808,HISEQ:1287:HKCG7BCX3:1:1105:5267:19931,HISEQ:1287:HKCG7BCX3:1:1108:9532:43449,HISEQ:1287:HKCG7BCX3:1:1101:14093:55880,HISEQ:1287:HKCG7BCX3:1:1111:17369:26853
FL:6-1|ENST00000225792.10|ENSG00000108654.15	HISEQ:1287:HKCG7BCX3:1:1105:14480:45805,HISEQ:1287:HKCG7BCX3:1:1103:19932:79906,HISEQ:1287:HKCG7BCX3:1:1105:14084:53683,HISEQ:1287:HKCG7BCX3:1:1108:18034:85023,HISEQ:1287:HKCG7BCX3:1:1101:14414:78208,HISEQ:1287:HKCG7BCX3:1:1105:9119:73087,HISEQ:1287:HKCG7BCX3:1:1103:12815:55012,HISEQ:1287:HKCG7BCX3:1:1101:20429:6571,HISEQ:1287:HKCG7BCX3:1:1112:12080:97340,HISEQ:1287:HKCG7BCX3:1:1108:4160:5535,HISEQ:1287:HKCG7BCX3:1:1111:3307:12644,HISEQ:1287:HKCG7BCX3:1:1104:4764:72876,HISEQ:1287:HKCG7BCX3:1:1107:8817:31792,HISEQ:1287:HKCG7BCX3:1:1107:3431:12032,HISEQ:1287:HKCG7BCX3:1:1104:15466:85702,HISEQ:1287:HKCG7BCX3:1:1106:4930:59035,HISEQ:1287:HKCG7BCX3:1:1104:8026:98073,HISEQ:1287:HKCG7BCX3:1:1101:8476:72706,HISEQ:1287:HKCG7BCX3:1:1113:15195:41927,HISEQ:1287:HKCG7BCX3:1:1102:2260:94019,HISEQ:1287:HKCG7BCX3:1:1110:14627:86975,HISEQ:1287:HKCG7BCX3:1:1111:11920:4008,HISEQ:1287:HKCG7BCX3:1:1108:13373:15135,HISEQ:1287:HKCG7BCX3:1:1113:16790:30153,HISEQ:1287:HKCG7BCX3:1:1114:7692:33596,HISEQ:1287:HKCG7BCX3:1:1111:6618:14377,HISEQ:1287:HKCG7BCX3:1:1106:8947:51340,HISEQ:1287:HKCG7BCX3:1:1102:10903:38662,HISEQ:1287:HKCG7BCX3:1:1113:1446:42096,HISEQ:1287:HKCG7BCX3:1:1104:18982:65820,HISEQ:1287:HKCG7BCX3:1:1110:4350:25212,HISEQ:1287:HKCG7BCX3:1:1113:9627:16418,HISEQ:1287:HKCG7BCX3:1:1114:18582:11742
FL:7-1|ENST00000578758.5|ENSG00000108654.15	HISEQ:1287:HKCG7BCX3:1:1104:16654:18461,HISEQ:1287:HKCG7BCX3:1:1101:12591:28216,HISEQ:1287:HKCG7BCX3:1:1105:2936:99494,HISEQ:1287:HKCG7BCX3:1:1114:19180:12469
FL:8-1|ENST00000585317.1|ENSG00000108654.15	HISEQ:1287:HKCG7BCX3:1:1104:13318:76964,HISEQ:1287:HKCG7BCX3:1:1105:20264:54091,HISEQ:1287:HKCG7BCX3:1:1101:2693:15471
FL:9-1|ENST00000584279.5|ENSG00000108654.15	HISEQ:1287:HKCG7BCX3:1:1113:13506:84293,HISEQ:1287:HKCG7BCX3:1:1101:19795:14148,HISEQ:1287:HKCG7BCX3:1:1111:8748:86438
FL:10-1|FL:10-1|ENSG00000108654.15	HISEQ:1287:HKCG7BCX3:1:1106:14021:18092,HISEQ:1287:HKCG7BCX3:1:1107:2374:99224,HISEQ:1287:HKCG7BCX3:1:1105:9544:56438,HISEQ:1287:HKCG7BCX3:1:1108:5175:54843,HISEQ:1287:HKCG7BCX3:1:1101:8384:6518,HISEQ:1287:HKCG7BCX3:1:1111:19914:42427,HISEQ:1287:HKCG7BCX3:1:1104:4860:99214,HISEQ:1287:HKCG7BCX3:1:1105:20420:81945,HISEQ:1287:HKCG7BCX3:1:1112:14709:72580,HISEQ:1287:HKCG7BCX3:1:1113:10106:96802,HISEQ:1287:HKCG7BCX3:1:1106:9111:84503,HISEQ:1287:HKCG7BCX3:1:1107:6965:52388,HISEQ:1287:HKCG7BCX3:1:1101:4931:90197,HISEQ:1287:HKCG7BCX3:1:1102:3357:23309,HISEQ:1287:HKCG7BCX3:1:1102:19405:75285,HISEQ:1287:HKCG7BCX3:1:1113:14258:45493,HISEQ:1287:HKCG7BCX3:1:1110:2736:57084,HISEQ:1287:HKCG7BCX3:1:1106:15171:22882,HISEQ:1287:HKCG7BCX3:1:1105:4816:75441,HISEQ:1287:HKCG7BCX3:1:1104:14557:37782,HISEQ:1287:HKCG7BCX3:1:1107:4014:15910,HISEQ:1287:HKCG7BCX3:1:1101:10005:49173,HISEQ:1287:HKCG7BCX3:1:1107:7284:75266,HISEQ:1287:HKCG7BCX3:1:1107:13669:8305,HISEQ:1287:HKCG7BCX3:1:1104:17653:8576,HISEQ:1287:HKCG7BCX3:1:1110:1121:99056,HISEQ:1287:HKCG7BCX3:1:1105:2093:59308,HISEQ:1287:HKCG7BCX3:1:1103:18685:32156,HISEQ:1287:HKCG7BCX3:1:1107:20890:49792,HISEQ:1287:HKCG7BCX3:1:1110:19667:25977,HISEQ:1287:HKCG7BCX3:1:1111:3311:18082,HISEQ:1287:HKCG7BCX3:1:1108:18004:29203,HISEQ:1287:HKCG7BCX3:1:1110:14901:81685,HISEQ:1287:HKCG7BCX3:1:1101:10722:76174,HISEQ:1287:HKCG7BCX3:1:1110:16153:72187,HISEQ:1287:HKCG7BCX3:1:1101:10322:29540,HISEQ:1287:HKCG7BCX3:1:1105:6319:54395,HISEQ:1287:HKCG7BCX3:1:1104:8231:56686,HISEQ:1287:HKCG7BCX3:1:1101:14084:49018,HISEQ:1287:HKCG7BCX3:1:1108:21208:12257,HISEQ:1287:HKCG7BCX3:1:1107:16675:13012,HISEQ:1287:HKCG7BCX3:1:1106:8937:17139,HISEQ:1287:HKCG7BCX3:1:1105:19587:63652,HISEQ:1287:HKCG7BCX3:1:1103:17327:58448,HISEQ:1287:HKCG7BCX3:1:1111:10541:43911,HISEQ:1287:HKCG7BCX3:1:1101:1625:7067,HISEQ:1287:HKCG7BCX3:1:1102:17964:84087,HISEQ:1287:HKCG7BCX3:1:1104:15390:88373,HISEQ:1287:HKCG7BCX3:1:1101:9888:74895,HISEQ:1287:HKCG7BCX3:1:1101:20161:92557,HISEQ:1287:HKCG7BCX3:1:1106:14362:81695,HISEQ:1287:HKCG7BCX3:1:1106:14338:58642,HISEQ:1287:HKCG7BCX3:1:1111:12681:84958,HISEQ:1287:HKCG7BCX3:1:1113:13248:41763,HISEQ:1287:HKCG7BCX3:1:1104:2272:65564,HISEQ:1287:HKCG7BCX3:1:1105:19446:79973,HISEQ:1287:HKCG7BCX3:1:1106:1125:95578,HISEQ:1287:HKCG7BCX3:1:1102:2997:59027,HISEQ:1287:HKCG7BCX3:1:1108:7569:28392,HISEQ:1287:HKCG7BCX3:1:1109:7240:78475,HISEQ:1287:HKCG7BCX3:1:1110:9669:97766,HISEQ:1287:HKCG7BCX3:1:1104:4080:62396,HISEQ:1287:HKCG7BCX3:1:1102:4765:93689,HISEQ:1287:HKCG7BCX3:1:1104:6190:44565,HISEQ:1287:HKCG7BCX3:1:1114:3344:10847,HISEQ:1287:HKCG7BCX3:1:1109:17200:6496,HISEQ:1287:HKCG7BCX3:1:1111:16644:97712,HISEQ:1287:HKCG7BCX3:1:1108:1827:34429,HISEQ:1287:HKCG7BCX3:1:1102:1181:55672,HISEQ:1287:HKCG7BCX3:1:1101:21251:99282,HISEQ:1287:HKCG7BCX3:1:1104:16876:66578,HISEQ:1287:HKCG7BCX3:1:1110:17405:73254,HISEQ:1287:HKCG7BCX3:1:1109:10460:16973,HISEQ:1287:HKCG7BCX3:1:1114:11468:9118,HISEQ:1287:HKCG7BCX3:1:1110:11478:67788,HISEQ:1287:HKCG7BCX3:1:1107:19056:59382,HISEQ:1287:HKCG7BCX3:1:1108:7541:34007,HISEQ:1287:HKCG7BCX3:1:1102:6439:50444,HISEQ:1287:HKCG7BCX3:1:1106:8507:35745,HISEQ:1287:HKCG7BCX3:1:1101:1347:24065,HISEQ:1287:HKCG7BCX3:1:1101:13940:79837,HISEQ:1287:HKCG7BCX3:1:1101:13064:85783,HISEQ:1287:HKCG7BCX3:1:1101:8095:43809,HISEQ:1287:HKCG7BCX3:1:1108:20435:54616,HISEQ:1287:HKCG7BCX3:1:1101:6549:98200,HISEQ:1287:HKCG7BCX3:1:1103:12262:71941,HISEQ:1287:HKCG7BCX3:1:1111:19993:56368,HISEQ:1287:HKCG7BCX3:1:1101:2019:47165,HISEQ:1287:HKCG7BCX3:1:1106:14495:8803,HISEQ:1287:HKCG7BCX3:1:1109:20199:35767,HISEQ:1287:HKCG7BCX3:1:1108:20503:4560,HISEQ:1287:HKCG7BCX3:1:1110:12568:26173,HISEQ:1287:HKCG7BCX3:1:1102:16405:3164,HISEQ:1287:HKCG7BCX3:1:1108:17654:6490,HISEQ:1287:HKCG7BCX3:1:1106:7972:55595,HISEQ:1287:HKCG7BCX3:1:1109:9919:38025,HISEQ:1287:HKCG7BCX3:1:1101:17054:73628,HISEQ:1287:HKCG7BCX3:1:1105:4243:31014,HISEQ:1287:HKCG7BCX3:1:1103:4410:55498,HISEQ:1287:HKCG7BCX3:1:1106:6893:92498,HISEQ:1287:HKCG7BCX3:1:1107:6846:43475,HISEQ:1287:HKCG7BCX3:1:1104:18951:4221,HISEQ:1287:HKCG7BCX3:1:1101:18554:98278,HISEQ:1287:HKCG7BCX3:1:1110:19691:40496,HISEQ:1287:HKCG7BCX3:1:1106:7775:79309,HISEQ:1287:HKCG7BCX3:1:1103:5067:31391,HISEQ:1287:HKCG7BCX3:1:1106:10251:49627,HISEQ:1287:HKCG7BCX3:1:1105:1776:90483,HISEQ:1287:HKCG7BCX3:1:1106:20468:58040,HISEQ:1287:HKCG7BCX3:1:1107:9013:71454,HISEQ:1287:HKCG7BCX3:1:1101:19181:96175,HISEQ:1287:HKCG7BCX3:1:1107:18614:12506,HISEQ:1287:HKCG7BCX3:1:1101:16467:78210,HISEQ:1287:HKCG7BCX3:1:1112:13975:2858,HISEQ:1287:HKCG7BCX3:1:1104:8431:69548,HISEQ:1287:HKCG7BCX3:1:1113:18738:100133,HISEQ:1287:HKCG7BCX3:1:1109:5224:36617,HISEQ:1287:HKCG7BCX3:1:1107:17899:42334,HISEQ:1287:HKCG7BCX3:1:1101:18081:37145,HISEQ:1287:HKCG7BCX3:1:1101:2210:80994,HISEQ:1287:HKCG7BCX3:1:1102:20885:22467,HISEQ:1287:HKCG7BCX3:1:1102:2151:27038,HISEQ:1287:HKCG7BCX3:1:1111:6065:2368,HISEQ:1287:HKCG7BCX3:1:1111:7060:55641,HISEQ:1287:HKCG7BCX3:1:1107:1792:9641,HISEQ:1287:HKCG7BCX3:1:1101:11611:36531,HISEQ:1287:HKCG7BCX3:1:1101:7145:60656,HISEQ:1287:HKCG7BCX3:1:1101:17142:50762,HISEQ:1287:HKCG7BCX3:1:1108:15983:44602,HISEQ:1287:HKCG7BCX3:1:1104:11794:16813
FL:11-1|FL:11-1|ENSG00000108654.15	HISEQ:1287:HKCG7BCX3:1:1102:11500:39441,HISEQ:1287:HKCG7BCX3:1:1105:12890:65147,HISEQ:1287:HKCG7BCX3:1:1105:10547:49865,HISEQ:1287:HKCG7BCX3:1:1112:11761:43473,HISEQ:1287:HKCG7BCX3:1:1112:12634:3332,HISEQ:1287:HKCG7BCX3:1:1104:19547:15982,HISEQ:1287:HKCG7BCX3:1:1108:5570:17889,HISEQ:1287:HKCG7BCX3:1:1113:18039:58838,HISEQ:1287:HKCG7BCX3:1:1105:11786:63874,HISEQ:1287:HKCG7BCX3:1:1112:10595:70575,HISEQ:1287:HKCG7BCX3:1:1113:12563:45354,HISEQ:1287:HKCG7BCX3:1:1102:7906:70763
FL:12-1|FL:12-1|ENSG00000108654.15	HISEQ:1287:HKCG7BCX3:1:1101:8665:30757,HISEQ:1287:HKCG7BCX3:1:1111:11268:57313,HISEQ:1287:HKCG7BCX3:1:1109:7352:76667,HISEQ:1287:HKCG7BCX3:1:1103:10756:91808,HISEQ:1287:HKCG7BCX3:1:1110:6438:100052,HISEQ:1287:HKCG7BCX3:1:1112:8930:31176,HISEQ:1287:HKCG7BCX3:1:1106:15192:70510,HISEQ:1287:HKCG7BCX3:1:1110:5222:8345,HISEQ:1287:HKCG7BCX3:1:1106:3057:84537,HISEQ:1287:HKCG7BCX3:1:1107:6076:75687,HISEQ:1287:HKCG7BCX3:1:1111:3501:3070,HISEQ:1287:HKCG7BCX3:1:1101:8395:72757,HISEQ:1287:HKCG7BCX3:1:1106:12230:5492,HISEQ:1287:HKCG7BCX3:1:1106:13212:86899,HISEQ:1287:HKCG7BCX3:1:1104:7184:85634
FL:13-1|FL:13-1|ENSG00000108654.15	HISEQ:1287:HKCG7BCX3:1:1108:10984:29952,HISEQ:1287:HKCG7BCX3:1:1107:12965:33106,HISEQ:1287:HKCG7BCX3:1:1109:3544:16737,HISEQ:1287:HKCG7BCX3:1:1106:11765:86250,HISEQ:1287:HKCG7BCX3:1:1106:20329:58689,HISEQ:1287:HKCG7BCX3:1:1113:9227:98690,HISEQ:1287:HKCG7BCX3:1:1102:11889:38957,HISEQ:1287:HKCG7BCX3:1:1112:1940:57858,HISEQ:1287:HKCG7BCX3:1:1108:12716:100917,HISEQ:1287:HKCG7BCX3:1:1111:4663:28251,HISEQ:1287:HKCG7BCX3:1:1101:8421:57684,HISEQ:1287:HKCG7BCX3:1:1106:4596:17664,HISEQ:1287:HKCG7BCX3:1:1104:12736:95343,HISEQ:1287:HKCG7BCX3:1:1103:2439:18739,HISEQ:1287:HKCG7BCX3:1:1106:7816:53528,HISEQ:1287:HKCG7BCX3:1:1104:11592:93192,HISEQ:1287:HKCG7BCX3:1:1108:17189:19634,HISEQ:1287:HKCG7BCX3:1:1104:19469:99548,HISEQ:1287:HKCG7BCX3:1:1101:2328:12754,HISEQ:1287:HKCG7BCX3:1:1103:3558:47299,HISEQ:1287:HKCG7BCX3:1:1107:7298:78838,HISEQ:1287:HKCG7BCX3:1:1111:1903:61442,HISEQ:1287:HKCG7BCX3:1:1104:1918:36483
FL:14-1|FL:14-1|ENSG00000108654.15	HISEQ:1287:HKCG7BCX3:1:1107:13509:81372,HISEQ:1287:HKCG7BCX3:1:1108:12925:35479,HISEQ:1287:HKCG7BCX3:1:1111:10454:18064,HISEQ:1287:HKCG7BCX3:1:1104:14641:29703,HISEQ:1287:HKCG7BCX3:1:1109:2411:32255,HISEQ:1287:HKCG7BCX3:1:1105:12659:5542,HISEQ:1287:HKCG7BCX3:1:1101:15470:33715,HISEQ:1287:HKCG7BCX3:1:1112:8619:86165,HISEQ:1287:HKCG7BCX3:1:1107:10606:43290,HISEQ:1287:HKCG7BCX3:1:1101:8143:85200,HISEQ:1287:HKCG7BCX3:1:1101:8229:41720,HISEQ:1287:HKCG7BCX3:1:1105:17450:86509,HISEQ:1287:HKCG7BCX3:1:1112:12774:86372,HISEQ:1287:HKCG7BCX3:1:1112:4856:32338,HISEQ:1287:HKCG7BCX3:1:1105:9840:80604,HISEQ:1287:HKCG7BCX3:1:1106:18818:35182,HISEQ:1287:HKCG7BCX3:1:1107:5162:58846,HISEQ:1287:HKCG7BCX3:1:1111:3808:29416,HISEQ:1287:HKCG7BCX3:1:1101:13536:71067,HISEQ:1287:HKCG7BCX3:1:1107:12376:46771,HISEQ:1287:HKCG7BCX3:1:1112:4897:5481,HISEQ:1287:HKCG7BCX3:1:1101:12344:63169,HISEQ:1287:HKCG7BCX3:1:1107:5098:91215,HISEQ:1287:HKCG7BCX3:1:1107:7382:52227,HISEQ:1287:HKCG7BCX3:1:1108:11948:57169,HISEQ:1287:HKCG7BCX3:1:1105:3240:90858,HISEQ:1287:HKCG7BCX3:1:1101:17405:99395,HISEQ:1287:HKCG7BCX3:1:1113:10870:40105,HISEQ:1287:HKCG7BCX3:1:1113:6635:56999,HISEQ:1287:HKCG7BCX3:1:1108:19263:36079,HISEQ:1287:HKCG7BCX3:1:1112:7357:99601
FL:15-1|FL:15-1|ENSG00000108654.15	HISEQ:1287:HKCG7BCX3:1:1111:17221:29186,HISEQ:1287:HKCG7BCX3:1:1102:9307:40927,HISEQ:1287:HKCG7BCX3:1:1113:6491:12236,HISEQ:1287:HKCG7BCX3:1:1102:3646:6761,HISEQ:1287:HKCG7BCX3:1:1101:4683:89210
FL:16-1|FL:16-1|ENSG00000108654.15	HISEQ:1287:HKCG7BCX3:1:1103:14376:5680,HISEQ:1287:HKCG7BCX3:1:1113:18157:41518,HISEQ:1287:HKCG7BCX3:1:1101:14242:16156,HISEQ:1287:HKCG7BCX3:1:1110:20320:24802,HISEQ:1287:HKCG7BCX3:1:1102:5444:11950,HISEQ:1287:HKCG7BCX3:1:1111:8510:26752,HISEQ:1287:HKCG7BCX3:1:1104:8772:77853,HISEQ:1287:HKCG7BCX3:1:1103:16085:74367,HISEQ:1287:HKCG7BCX3:1:1111:14083:71976
FL:17-1|ENST00000447986.5|ENSG00000125991.19	HISEQ:1287:HKCG7BCX3:1:1101:5707:90350,HISEQ:1287:HKCG7BCX3:1:1106:11025:52034,HISEQ:1287:HKCG7BCX3:1:1108:3200:12220,HISEQ:1287:HKCG7BCX3:1:1113:18202:83592,HISEQ:1287:HKCG7BCX3:1:1102:6778:47915,HISEQ:1287:HKCG7BCX3:1:1101:10513:17895,HISEQ:1287:HKCG7BCX3:1:1112:6995:41454,HISEQ:1287:HKCG7BCX3:1:1107:7281:100157,HISEQ:1287:HKCG7BCX3:1:1106:1488:86765,HISEQ:1287:HKCG7BCX3:1:1111:21337:56041,HISEQ:1287:HKCG7BCX3:1:1104:7599:49676,HISEQ:1287:HKCG7BCX3:1:1105:3881:100248,HISEQ:1287:HKCG7BCX3:1:1103:9239:19405,HISEQ:1287:HKCG7BCX3:1:1105:15466:82660,HISEQ:1287:HKCG7BCX3:1:1105:11300:25412,HISEQ:1287:HKCG7BCX3:1:1110:10131:27056,HISEQ:1287:HKCG7BCX3:1:1108:13321:19326,HISEQ:1287:HKCG7BCX3:1:1102:9393:85396,HISEQ:1287:HKCG7BCX3:1:1106:8015:38589
FL:18-1|ENST00000348547.6|ENSG00000125991.19	HISEQ:1287:HKCG7BCX3:1:1104:7422:12895,HISEQ:1287:HKCG7BCX3:1:1106:11228:43898,HISEQ:1287:HKCG7BCX3:1:1101:16351:88879,HISEQ:1287:HKCG7BCX3:1:1111:10670:60319,HISEQ:1287:HKCG7BCX3:1:1113:16078:15385,HISEQ:1287:HKCG7BCX3:1:1109:4824:66953,HISEQ:1287:HKCG7BCX3:1:1110:21298:88141,HISEQ:1287:HKCG7BCX3:1:1105:15356:76607,HISEQ:1287:HKCG7BCX3:1:1104:20684:29251,HISEQ:1287:HKCG7BCX3:1:1101:19149:17583,HISEQ:1287:HKCG7BCX3:1:1103:17125:31123,HISEQ:1287:HKCG7BCX3:1:1102:4274:78705,HISEQ:1287:HKCG7BCX3:1:1105:13100:86962,HISEQ:1287:HKCG7BCX3:1:1113:16627:42667,HISEQ:1287:HKCG7BCX3:1:1106:3263:78430,HISEQ:1287:HKCG7BCX3:1:1104:10352:19827,HISEQ:1287:HKCG7BCX3:1:1114:4207:29544
FL:19-1|ENST00000496172.5|ENSG00000125991.19	HISEQ:1287:HKCG7BCX3:1:1103:6164:79081,HISEQ:1287:HKCG7BCX3:1:1102:10202:44313,HISEQ:1287:HKCG7BCX3:1:1109:1127:51464,HISEQ:1287:HKCG7BCX3:1:1107:9766:71651,HISEQ:1287:HKCG7BCX3:1:1106:18784:10976,HISEQ:1287:HKCG7BCX3:1:1111:11272:3707,HISEQ:1287:HKCG7BCX3:1:1102:7714:30730,HISEQ:1287:HKCG7BCX3:1:1101:7277:78104,HISEQ:1287:HKCG7BCX3:1:1103:21081:67395,HISEQ:1287:HKCG7BCX3:1:1104:2845:53962,HISEQ:1287:HKCG7BCX3:1:1111:13717:12430,HISEQ:1287:HKCG7BCX3:1:1103:21338:80499,HISEQ:1287:HKCG7BCX3:1:1101:21118:87654,HISEQ:1287:HKCG7BCX3:1:1106:15637:80889,HISEQ:1287:HKCG7BCX3:1:1110:12743:8552,HISEQ:1287:HKCG7BCX3:1:1103:4758:87329,HISEQ:1287:HKCG7BCX3:1:1114:5996:31559,HISEQ:1287:HKCG7BCX3:1:1102:15276:33722,HISEQ:1287:HKCG7BCX3:1:1109:19491:5985,HISEQ:1287:HKCG7BCX3:1:1101:11885:89633,HISEQ:1287:HKCG7BCX3:1:1106:11758:99526,HISEQ:1287:HKCG7BCX3:1:1105:4237:92236,HISEQ:1287:HKCG7BCX3:1:1105:17847:87018,HISEQ:1287:HKCG7BCX3:1:1108:16154:33010,HISEQ:1287:HKCG7BCX3:1:1112:4319:69595,HISEQ:1287:HKCG7BCX3:1:1101:12078:20366,HISEQ:1287:HKCG7BCX3:1:1104:1610:11704,HISEQ:1287:HKCG7BCX3:1:1107:13292:47205,HISEQ:1287:HKCG7BCX3:1:1105:9729:7349,HISEQ:1287:HKCG7BCX3:1:1109:6625:34650,HISEQ:1287:HKCG7BCX3:1:1107:19741:83372,HISEQ:1287:HKCG7BCX3:1:1108:5599:88166,HISEQ:1287:HKCG7BCX3:1:1103:16897:60433,HISEQ:1287:HKCG7BCX3:1:1103:11851:62678,HISEQ:1287:HKCG7BCX3:1:1104:21204:34988,HISEQ:1287:HKCG7BCX3:1:1102:5326:21602,HISEQ:1287:HKCG7BCX3:1:1104:15271:57717,HISEQ:1287:HKCG7BCX3:1:1104:6774:47512,HISEQ:1287:HKCG7BCX3:1:1108:16981:60940,HISEQ:1287:HKCG7BCX3:1:1109:19547:18540,HISEQ:1287:HKCG7BCX3:1:1110:2652:22844,HISEQ:1287:HKCG7BCX3:1:1103:18414:45106,HISEQ:1287:HKCG7BCX3:1:1103:3831:56192,HISEQ:1287:HKCG7BCX3:1:1105:2061:69813
FL:20-1|ENST00000357394.8|ENSG00000125991.19	HISEQ:1287:HKCG7BCX3:1:1111:5086:27813,HISEQ:1287:HKCG7BCX3:1:1107:14410:29544,HISEQ:1287:HKCG7BCX3:1:1105:5881:94803,HISEQ:1287:HKCG7BCX3:1:1108:17308:15778
FL:21-1|ENST00000451605.1|ENSG00000125991.19	HISEQ:1287:HKCG7BCX3:1:1107:2441:44799,HISEQ:1287:HKCG7BCX3:1:1101:13789:45034,HISEQ:1287:HKCG7BCX3:1:1103:2843:38371,HISEQ:1287:HKCG7BCX3:1:1104:15531:77312,HISEQ:1287:HKCG7BCX3:1:1102:12199:21990,HISEQ:1287:HKCG7BCX3:1:1106:6301:75713,HISEQ:1287:HKCG7BCX3:1:1112:16313:73784,HISEQ:1287:HKCG7BCX3:1:1102:21260:98197,HISEQ:1287:HKCG7BCX3:1:1102:9571:67793,HISEQ:1287:HKCG7BCX3:1:1106:12029:5805,HISEQ:1287:HKCG7BCX3:1:1107:10277:31120,HISEQ:1287:HKCG7BCX3:1:1112:1965:84743,HISEQ:1287:HKCG7BCX3:1:1108:12199:11718,HISEQ:1287:HKCG7BCX3:1:1113:6302:26335,HISEQ:1287:HKCG7BCX3:1:1105:16602:2971,HISEQ:1287:HKCG7BCX3:1:1104:7758:76195,HISEQ:1287:HKCG7BCX3:1:1110:12939:67482,HISEQ:1287:HKCG7BCX3:1:1112:1828:99776,HISEQ:1287:HKCG7BCX3:1:1109:9956:36829,HISEQ:1287:HKCG7BCX3:1:1107:14693:68116,HISEQ:1287:HKCG7BCX3:1:1106:18914:6674,HISEQ:1287:HKCG7BCX3:1:1105:10531:64455,HISEQ:1287:HKCG7BCX3:1:1113:10231:17490,HISEQ:1287:HKCG7BCX3:1:1102:3038:69569,HISEQ:1287:HKCG7BCX3:1:1101:10769:84081,HISEQ:1287:HKCG7BCX3:1:1113:7855:15495,HISEQ:1287:HKCG7BCX3:1:1113:15895:41795,HISEQ:1287:HKCG7BCX3:1:1104:18450:12186,HISEQ:1287:HKCG7BCX3:1:1102:11428:74205,HISEQ:1287:HKCG7BCX3:1:1105:2576:91407,HISEQ:1287:HKCG7BCX3:1:1106:1487:9141,HISEQ:1287:HKCG7BCX3:1:1112:5087:44144,HISEQ:1287:HKCG7BCX3:1:1109:16615:94483,HISEQ:1287:HKCG7BCX3:1:1106:10044:55138,HISEQ:1287:HKCG7BCX3:1:1101:4798:30321,HISEQ:1287:HKCG7BCX3:1:1107:12456:44333,HISEQ:1287:HKCG7BCX3:1:1109:15896:62691,HISEQ:1287:HKCG7BCX3:1:1104:6869:38334,HISEQ:1287:HKCG7BCX3:1:1105:10483:78534,HISEQ:1287:HKCG7BCX3:1:1107:7421:84592,HISEQ:1287:HKCG7BCX3:1:1109:16205:47939,HISEQ:1287:HKCG7BCX3:1:1110:20496:72576,HISEQ:1287:HKCG7BCX3:1:1109:3627:66119,HISEQ:1287:HKCG7BCX3:1:1103:15947:66657,HISEQ:1287:HKCG7BCX3:1:1113:14335:17945,HISEQ:1287:HKCG7BCX3:1:1113:14114:72207,HISEQ:1287:HKCG7BCX3:1:1107:10299:62199,HISEQ:1287:HKCG7BCX3:1:1105:18618:10629,HISEQ:1287:HKCG7BCX3:1:1103:6864:28625,HISEQ:1287:HKCG7BCX3:1:1107:11741:64373,HISEQ:1287:HKCG7BCX3:1:1101:8389:30929,HISEQ:1287:HKCG7BCX3:1:1101:16918:17190,HISEQ:1287:HKCG7BCX3:1:1111:19558:12398,HISEQ:1287:HKCG7BCX3:1:1106:18539:77826,HISEQ:1287:HKCG7BCX3:1:1105:15736:29822,HISEQ:1287:HKCG7BCX3:1:1112:16306:86755,HISEQ:1287:HKCG7BCX3:1:1102:5762:40002,HISEQ:1287:HKCG7BCX3:1:1101:4377:71859,HISEQ:1287:HKCG7BCX3:1:1103:18205:36615,HISEQ:1287:HKCG7BCX3:1:1101:8052:31436,HISEQ:1287:HKCG7BCX3:1:1104:2633:10054,HISEQ:1287:HKCG7BCX3:1:1111:14015:89184,HISEQ:1287:HKCG7BCX3:1:1109:9650:20332,HISEQ:1287:HKCG7BCX3:1:1105:7466:57013,HISEQ:1287:HKCG7BCX3:1:1113:5691:56894,HISEQ:1287:HKCG7BCX3:1:1105:6719:25166,HISEQ:1287:HKCG7BCX3:1:1105:14367:86687,HISEQ:1287:HKCG7BCX3:1:1113:19267:54400,HISEQ:1287:HKCG7BCX3:1:1114:11387:26632,HISEQ:1287:HKCG7BCX3:1:1112:1765:3577,HISEQ:1287:HKCG7BCX3:1:1107:2464:46053,HISEQ:1287:HKCG7BCX3:1:1101:4267:22707,HISEQ:1287:HKCG7BCX3:1:1106:18213:28749,HISEQ:1287:HKCG7BCX3:1:1104:11453:32570,HISEQ:1287:HKCG7BCX3:1:1102:19353:83159,HISEQ:1287:HKCG7BCX3:1:1102:16938:73013,HISEQ:1287:HKCG7BCX3:1:1103:18200:86250,HISEQ:1287:HKCG7BCX3:1:1113:14967:27630,HISEQ:1287:HKCG7BCX3:1:1112:7185:55764,HISEQ:1287:HKCG7BCX3:1:1104:12595:19049,HISEQ:1287:HKCG7BCX3:1:1107:6912:69778,HISEQ:1287:HKCG7BCX3:1:1106:16819:94718,HISEQ:1287:HKCG7BCX3:1:1112:10356:46713,HISEQ:1287:HKCG7BCX3:1:1109:21122:19399,HISEQ:1287:HKCG7BCX3:1:1101:6144:45517,HISEQ:1287:HKCG7BCX3:1:1113:10076:95299,HISEQ:1287:HKCG7BCX3:1:1112:2154:57280,HISEQ:1287:HKCG7BCX3:1:1108:7971:45402,HISEQ:1287:HKCG7BCX3:1:1103:15647:28805,HISEQ:1287:HKCG7BCX3:1:1103:9238:83087,HISEQ:1287:HKCG7BCX3:1:1107:7412:26259,HISEQ:1287:HKCG7BCX3:1:1108:15922:86273,HISEQ:1287:HKCG7BCX3:1:1102:7654:65657,HISEQ:1287:HKCG7BCX3:1:1106:8080:49232,HISEQ:1287:HKCG7BCX3:1:1104:11400:56987,HISEQ:1287:HKCG7BCX3:1:1108:3730:26842,HISEQ:1287:HKCG7BCX3:1:1107:1548:97539,HISEQ:1287:HKCG7BCX3:1:1110:7950:39492,HISEQ:1287:HKCG7BCX3:1:1101:12189:92464,HISEQ:1287:HKCG7BCX3:1:1113:19070:84260,HISEQ:1287:HKCG7BCX3:1:1112:19800:27254,HISEQ:1287:HKCG7BCX3:1:1111:16109:44469,HISEQ:1287:HKCG7BCX3:1:1108:14915:57741,HISEQ:1287:HKCG7BCX3:1:1102:18353:61001,HISEQ:1287:HKCG7BCX3:1:1101:3924:13547,HISEQ:1287:HKCG7BCX3:1:1103:18081:73950,HISEQ:1287:HKCG7BCX3:1:1107:16370:47338,HISEQ:1287:HKCG7BCX3:1:1110:12340:12764,HISEQ:1287:HKCG7BCX3:1:1107:10469:44777,HISEQ:1287:HKCG7BCX3:1:1110:11452:58483,HISEQ:1287:HKCG7BCX3:1:1105:18317:13885,HISEQ:1287:HKCG7BCX3:1:1107:2633:82902,HISEQ:1287:HKCG7BCX3:1:1103:1893:37224,HISEQ:1287:HKCG7BCX3:1:1101:14546:40465,HISEQ:1287:HKCG7BCX3:1:1105:12066:91137,HISEQ:1287:HKCG7BCX3:1:1103:17472:39587,HISEQ:1287:HKCG7BCX3:1:1113:4088:53369,HISEQ:1287:HKCG7BCX3:1:1111:10014:84401,HISEQ:1287:HKCG7BCX3:1:1109:4316:93740,HISEQ:1287:HKCG7BCX3:1:1103:9612:11069,HISEQ:1287:HKCG7BCX3:1:1101:16323:35972,HISEQ:1287:HKCG7BCX3:1:1102:17863:99679,HISEQ:1287:HKCG7BCX3:1:1106:16222:15381,HISEQ:1287:HKCG7BCX3:1:1106:5700:92099,HISEQ:1287:HKCG7BCX3:1:1104:7139:66134,HISEQ:1287:HKCG7BCX3:1:1107:14293:7846,HISEQ:1287:HKCG7BCX3:1:1104:9389:21051,HISEQ:1287:HKCG7BCX3:1:1101:13122:73448,HISEQ:1287:HKCG7BCX3:1:1101:5531:58657,HISEQ:1287:HKCG7BCX3:1:1104:6341:30679,HISEQ:1287:HKCG7BCX3:1:1106:17916:19029,HISEQ:1287:HKCG7BCX3:1:1112:11223:87671,HISEQ:1287:HKCG7BCX3:1:1110:5152:24895,HISEQ:1287:HKCG7BCX3:1:1104:2602:56170,HISEQ:1287:HKCG7BCX3:1:1108:14758:75856
FL:22-1|ENST00000488384.1|ENSG00000125991.19	HISEQ:1287:HKCG7BCX3:1:1112:17437:58486,HISEQ:1287:HKCG7BCX3:1:1102:16270:16228,HISEQ:1287:HKCG7BCX3:1:1101:6606:89152,HISEQ:1287:HKCG7BCX3:1:1103:11936:20964,HISEQ:1287:HKCG7BCX3:1:1107:11051:55290,HISEQ:1287:HKCG7BCX3:1:1113:11099:67077,HISEQ:1287:HKCG7BCX3:1:1111:9307:89129
FL:23-1|FL:23-1|ENSG00000125991.19	HISEQ:1287:HKCG7BCX3:1:1110:20919:71772,HISEQ:1287:HKCG7BCX3:1:1104:6693:42706,HISEQ:1287:HKCG7BCX3:1:1107:17277:100713,HISEQ:1287:HKCG7BCX3:1:1101:9916:70061,HISEQ:1287:HKCG7BCX3:1:1107:10754:73116,HISEQ:1287:HKCG7BCX3:1:1109:8316:23095,HISEQ:1287:HKCG7BCX3:1:1112:4342:28883,HISEQ:1287:HKCG7BCX3:1:1104:5549:100649,HISEQ:1287:HKCG7BCX3:1:1106:16001:52099,HISEQ:1287:HKCG7BCX3:1:1104:8047:95885,HISEQ:1287:HKCG7BCX3:1:1101:13902:75769,HISEQ:1287:HKCG7BCX3:1:1108:19545:74852,HISEQ:1287:HKCG7BCX3:1:1106:19288:48530,HISEQ:1287:HKCG7BCX3:1:1107:7980:78072,HISEQ:1287:HKCG7BCX3:1:1104:5017:23138,HISEQ:1287:HKCG7BCX3:1:1103:6650:61274,HISEQ:1287:HKCG7BCX3:1:1103:5945:9110,HISEQ:1287:HKCG7BCX3:1:1104:1689:61058,HISEQ:1287:HKCG7BCX3:1:1105:6493:85931,HISEQ:1287:HKCG7BCX3:1:1103:8637:16349,HISEQ:1287:HKCG7BCX3:1:1113:4461:82672,HISEQ:1287:HKCG7BCX3:1:1104:3248:65376,HISEQ:1287:HKCG7BCX3:1:1113:15468:57803,HISEQ:1287:HKCG7BCX3:1:1105:8433:4793,HISEQ:1287:HKCG7BCX3:1:1104:20889:61603,HISEQ:1287:HKCG7BCX3:1:1107:1919:58667,HISEQ:1287:HKCG7BCX3:1:1108:13499:38783,HISEQ:1287:HKCG7BCX3:1:1114:3963:31946,HISEQ:1287:HKCG7BCX3:1:1104:9995:73536,HISEQ:1287:HKCG7BCX3:1:1102:2702:68149,HISEQ:1287:HKCG7BCX3:1:1104:12979:60489,HISEQ:1287:HKCG7BCX3:1:1102:10733:30772,HISEQ:1287:HKCG7BCX3:1:1105:19009:95539,HISEQ:1287:HKCG7BCX3:1:1105:19230:35035,HISEQ:1287:HKCG7BCX3:1:1114:19778:40129,HISEQ:1287:HKCG7BCX3:1:1108:13571:22782,HISEQ:1287:HKCG7BCX3:1:1102:13553:37588,HISEQ:1287:HKCG7BCX3:1:1104:16213:77385,HISEQ:1287:HKCG7BCX3:1:1107:4500:38008,HISEQ:1287:HKCG7BCX3:1:1101:16949:19737,HISEQ:1287:HKCG7BCX3:1:1109:17322:66011,HISEQ:1287:HKCG7BCX3:1:1104:11664:59348,HISEQ:1287:HKCG7BCX3:1:1106:13369:41828,HISEQ:1287:HKCG7BCX3:1:1106:8307:82409,HISEQ:1287:HKCG7BCX3:1:1109:1649:32397,HISEQ:1287:HKCG7BCX3:1:1104:17300:32684,HISEQ:1287:HKCG7BCX3:1:1105:8576:62061,HISEQ:1287:HKCG7BCX3:1:1102:13068:95238,HISEQ:1287:HKCG7BCX3:1:1110:21037:96473,HISEQ:1287:HKCG7BCX3:1:1110:9337:96844,HISEQ:1287:HKCG7BCX3:1:1104:5374:84724,HISEQ:1287:HKCG7BCX3:1:1103:19251:19833,HISEQ:1287:HKCG7BCX3:1:1111:12131:61185,HISEQ:1287:HKCG7BCX3:1:1101:20869:52953,HISEQ:1287:HKCG7BCX3:1:1101:9411:16131,HISEQ:1287:HKCG7BCX3:1:1103:8723:85115,HISEQ:1287:HKCG7BCX3:1:1102:2755:36759,HISEQ:1287:HKCG7BCX3:1:1107:12155:62820,HISEQ:1287:HKCG7BCX3:1:1112:20142:89232,HISEQ:1287:HKCG7BCX3:1:1104:15079:8844,HISEQ:1287:HKCG7BCX3:1:1107:19845:66471,HISEQ:1287:HKCG7BCX3:1:1111:12386:2800,HISEQ:1287:HKCG7BCX3:1:1111:3881:88472,HISEQ:1287:HKCG7BCX3:1:1105:7525:66960,HISEQ:1287:HKCG7BCX3:1:1113:18421:95474,HISEQ:1287:HKCG7BCX3:1:1113:3575:72192,HISEQ:1287:HKCG7BCX3:1:1113:13324:15574,HISEQ:1287:HKCG7BCX3:1:1103:19295:55485,HISEQ:1287:HKCG7BCX3:1:1113:13625:84694,HISEQ:1287:HKCG7BCX3:1:1110:5282:67989,HISEQ:1287:HKCG7BCX3:1:1111:13248:85032,HISEQ:1287:HKCG7BCX3:1:1102:1551:64954,HISEQ:1287:HKCG7BCX3:1:1102:16407:36426,HISEQ:1287:HKCG7BCX3:1:1106:15039:96514,HISEQ:1287:HKCG7BCX3:1:1111:5939:17488,HISEQ:1287:HKCG7BCX3:1:1107:15086:92604,HISEQ:1287:HKCG7BCX3:1:1109:18026:35039,HISEQ:1287:HKCG7BCX3:1:1102:20160:89975,HISEQ:1287:HKCG7BCX3:1:1106:18040:18286,HISEQ:1287:HKCG7BCX3:1:1102:8591:35906,HISEQ:1287:HKCG7BCX3:1:1102:2829:86435,HISEQ:1287:HKCG7BCX3:1:1112:6228:33558,HISEQ:1287:HKCG7BCX3:1:1105:16125:100828,HISEQ:1287:HKCG7BCX3:1:1106:20831:100942,HISEQ:1287:HKCG7BCX3:1:1107:7942:99810,HISEQ:1287:HKCG7BCX3:1:1105:20141:98358,HISEQ:1287:HKCG7BCX3:1:1105:19132:84438,HISEQ:1287:HKCG7BCX3:1:1110:12183:26256,HISEQ:1287:HKCG7BCX3:1:1107:2735:3100
FL:24-1|FL:24-1|ENSG00000125991.19	HISEQ:1287:HKCG7BCX3:1:1106:1276:65058,HISEQ:1287:HKCG7BCX3:1:1107:2483:61758,HISEQ:1287:HKCG7BCX3:1:1108:8254:2755,HISEQ:1287:HKCG7BCX3:1:1109:4605:16959,HISEQ:1287:HKCG7BCX3:1:1113:12639:55852,HISEQ:1287:HKCG7BCX3:1:1111:2817:100549,HISEQ:1287:HKCG7BCX3:1:1110:3176:24955,HISEQ:1287:HKCG7BCX3:1:1107:10927:56503,HISEQ:1287:HKCG7BCX3:1:1105:17198:44003,HISEQ:1287:HKCG7BCX3:1:1114:15228:13787,HISEQ:1287:HKCG7BCX3:1:1106:11712:51574,HISEQ:1287:HKCG7BCX3:1:1101:3602:43710,HISEQ:1287:HKCG7BCX3:1:1104:4856:33117,HISEQ:1287:HKCG7BCX3:1:1101:2638:96148,HISEQ:1287:HKCG7BCX3:1:1113:7783:95331,HISEQ:1287:HKCG7BCX3:1:1112:18547:17077,HISEQ:1287:HKCG7BCX3:1:1107:1860:58204,HISEQ:1287:HKCG7BCX3:1:1104:10622:76420,HISEQ:1287:HKCG7BCX3:1:1102:9995:8869,HISEQ:1287:HKCG7BCX3:1:1104:19984:40758,HISEQ:1287:HKCG7BCX3:1:1106:18384:82308,HISEQ:1287:HKCG7BCX3:1:1103:18716:7016,HISEQ:1287:HKCG7BCX3:1:1110:19100:86388,HISEQ:1287:HKCG7BCX3:1:1110:3796:26059,HISEQ:1287:HKCG7BCX3:1:1106:18816:99230,HISEQ:1287:HKCG7BCX3:1:1102:7403:72512,HISEQ:1287:HKCG7BCX3:1:1103:15351:81695,HISEQ:1287:HKCG7BCX3:1:1108:12527:36143,HISEQ:1287:HKCG7BCX3:1:1105:17882:93265,HISEQ:1287:HKCG7BCX3:1:1101:6639:53717,HISEQ:1287:HKCG7BCX3:1:1113:11770:67486,HISEQ:1287:HKCG7BCX3:1:1105:13612:94848
FL:25-1|FL:25-1|chr12:25234000	HISEQ:1287:HKCG7BCX3:1:1113:18513:98562,HISEQ:1287:HKCG7BCX3:1:1106:11213:98907,HISEQ:1287:HKCG7BCX3:1:1101:8276:97466
