FL:1-1|ENST00000311936.8|ENSG00000133703.12	50
FL:2-1|ENST00000256078.9|ENSG00000133703.12	4
FL:3-1|ENST00000557334.5|ENSG00000133703.12	40
FL:4-1|ENST00000225792.10|ENSG00000108654.15	33
FL:5-1|ENST00000585317.1|ENSG00000108654.15	3
FL:6-1|ENST00000584279.5|ENSG00000108654.15	3
FL:7-1|ENST00000348547.6|ENSG00000125991.19	17
FL:8-1|ENST00000357394.8|ENSG00000125991.19	4
FL:9-1|ENST00000447986.5|ENSG00000125991.19	19
FL:10-1|ENST00000496172.5|ENSG00000125991.19	44
FL:11-1|ENST00000451605.1|ENSG00000125991.19	135
FL:12-1|ENST00000488384.1|ENSG00000125991.19	7
FL:13-1|FL:13-1|ENSG00000108654.15	58
FL:14-1|FL:14-1|ENSG00000108654.15	5
FL:15-1|FL:15-1|ENSG00000108654.15	3
FL:16-1|FL:16-1|ENSG00000108654.15	10
FL:17-1|FL:17-1|ENSG00000108654.15	15
FL:18-1|FL:18-1|ENSG00000125991.19	19
