HISEQ:1287:HKCG7BCX3:1:1104:11831:32068	FL:1-1|ENST00000311936.8|ENSG00000133703.12
HISEQ:1287:HKCG7BCX3:1:1106:11735:87772	FL:1-1|ENST00000311936.8|ENSG00000133703.12
HISEQ:1287:HKCG7BCX3:1:1102:16745:64007	FL:1-1|ENST00000311936.8|ENSG00000133703.12
HISEQ:1287:HKCG7BCX3:1:1112:1901:84059	FL:1-1|ENST00000311936.8|ENSG00000133703.12
HISEQ:1287:HKCG7BCX3:1:1105:13177:53724	FL:1-1|ENST00000311936.8|ENSG00000133703.12
HISEQ:1287:HKCG7BCX3:1:1113:17135:57369	FL:1-1|ENST00000311936.8|ENSG00000133703.12
HISEQ:1287:HKCG7BCX3:1:1107:17963:26399	FL:1-1|ENST00000311936.8|ENSG00000133703.12
HISEQ:1287:HKCG7BCX3:1:1109:20413:37261	FL:1-1|ENST00000311936.8|ENSG00000133703.12
HISEQ:1287:HKCG7BCX3:1:1106:8541:46024	FL:1-1|ENST00000311936.8|ENSG00000133703.12
HISEQ:1287:HKCG7BCX3:1:1103:4445:27965	FL:1-1|ENST00000311936.8|ENSG00000133703.12
HISEQ:1287:HKCG7BCX3:1:1101:15853:48132	FL:1-1|ENST00000311936.8|ENSG00000133703.12
HISEQ:1287:HKCG7BCX3:1:1107:16090:96745	FL:1-1|ENST00000311936.8|ENSG00000133703.12
HISEQ:1287:HKCG7BCX3:1:1111:2331:2384	FL:1-1|ENST00000311936.8|ENSG00000133703.12
HISEQ:1287:HKCG7BCX3:1:1113:9220:85707	FL:1-1|ENST00000311936.8|ENSG00000133703.12
HISEQ:1287:HKCG7BCX3:1:1103:1827:84243	FL:1-1|ENST00000311936.8|ENSG00000133703.12
HISEQ:1287:HKCG7BCX3:1:1105:8861:5630	FL:1-1|ENST00000311936.8|ENSG00000133703.12
HISEQ:1287:HKCG7BCX3:1:1108:16552:32992	FL:1-1|ENST00000311936.8|ENSG00000133703.12
HISEQ:1287:HKCG7BCX3:1:1108:17731:38026	FL:1-1|ENST00000311936.8|ENSG00000133703.12
HISEQ:1287:HKCG7BCX3:1:1112:10036:4482	FL:1-1|ENST00000311936.8|ENSG00000133703.12
HISEQ:1287:HKCG7BCX3:1:1104:18563:15759	FL:1-1|ENST00000311936.8|ENSG00000133703.12
HISEQ:1287:HKCG7BCX3:1:1104:16146:58913	FL:1-1|ENST00000311936.8|ENSG00000133703.12
HISEQ:1287:HKCG7BCX3:1:1108:14338:16394	FL:1-1|ENST00000311936.8|ENSG00000133703.12
HISEQ:1287:HKCG7BCX3:1:1110:7458:43681	FL:1-1|ENST00000311936.8|ENSG00000133703.12
HISEQ:1287:HKCG7BCX3:1:1106:5073:68601	FL:1-1|ENST00000311936.8|ENSG00000133703.12
HISEQ:1287:HKCG7BCX3:1:1102:12151:67437	FL:1-1|ENST00000311936.8|ENSG00000133703.12
HISEQ:1287:HKCG7BCX3:1:1104:18802:79379	FL:1-1|ENST00000311936.8|ENSG00000133703.12
HISEQ:1287:HKCG7BCX3:1:1104:4206:74835	FL:1-1|ENST00000311936.8|ENSG00000133703.12
HISEQ:1287:HKCG7BCX3:1:1106:17802:96954	FL:1-1|ENST00000311936.8|ENSG00000133703.12
HISEQ:1287:HKCG7BCX3:1:1106:14742:75120	FL:1-1|ENST00000311936.8|ENSG00000133703.12
HISEQ:1287:HKCG7BCX3:1:1101:6947:46449	FL:1-1|ENST00000311936.8|ENSG00000133703.12
HISEQ:1287:HKCG7BCX3:1:1111:7444:89635	FL:1-1|ENST00000311936.8|ENSG00000133703.12
HISEQ:1287:HKCG7BCX3:1:1106:8236:47165	FL:1-1|ENST00000311936.8|ENSG00000133703.12
HISEQ:1287:HKCG7BCX3:1:1111:8082:26682	FL:1-1|ENST00000311936.8|ENSG00000133703.12
HISEQ:1287:HKCG7BCX3:1:1113:20069:3952	FL:1-1|ENST00000311936.8|ENSG00000133703.12
HISEQ:1287:HKCG7BCX3:1:1113:19423:71141	FL:1-1|ENST00000311936.8|ENSG00000133703.12
HISEQ:1287:HKCG7BCX3:1:1112:4253:58469	FL:1-1|ENST00000311936.8|ENSG00000133703.12
HISEQ:1287:HKCG7BCX3:1:1104:14867:57668	FL:1-1|ENST00000311936.8|ENSG00000133703.12
HISEQ:1287:HKCG7BCX3:1:1103:12415:65429	FL:1-1|ENST00000311936.8|ENSG00000133703.12
HISEQ:1287:HKCG7BCX3:1:1107:14653:40751	FL:1-1|ENST00000311936.8|ENSG00000133703.12
HISEQ:1287:HKCG7BCX3:1:1103:14029:96229	FL:1-1|ENST00000311936.8|ENSG00000133703.12
HISEQ:1287:HKCG7BCX3:1:1101:2996:10381	FL:1-1|ENST00000311936.8|ENSG00000133703.12
HISEQ:1287:HKCG7BCX3:1:1101:1676:64370	FL:1-1|ENST00000311936.8|ENSG00000133703.12
HISEQ:1287:HKCG7BCX3:1:1108:4044:56854	FL:1-1|ENST00000311936.8|ENSG00000133703.12
HISEQ:1287:HKCG7BCX3:1:1113:17309:72700	FL:1-1|ENST00000311936.8|ENSG00000133703.12
HISEQ:1287:HKCG7BCX3:1:1105:4350:92846	FL:1-1|ENST00000311936.8|ENSG00000133703.12
HISEQ:1287:HKCG7BCX3:1:1111:10954:88390	FL:1-1|ENST00000311936.8|ENSG00000133703.12
HISEQ:1287:HKCG7BCX3:1:1102:6372:22762	FL:1-1|ENST00000311936.8|ENSG00000133703.12
HISEQ:1287:HKCG7BCX3:1:1101:10287:53003	FL:1-1|ENST00000311936.8|ENSG00000133703.12
HISEQ:1287:HKCG7BCX3:1:1104:5295:15725	FL:1-1|ENST00000311936.8|ENSG00000133703.12
HISEQ:1287:HKCG7BCX3:1:1101:9929:7630	FL:1-1|ENST00000311936.8|ENSG00000133703.12
HISEQ:1287:HKCG7BCX3:1:1106:5425:16663	FL:1-1|ENST00000311936.8|ENSG00000133703.12
HISEQ:1287:HKCG7BCX3:1:1104:6374:92450	FL:1-1|ENST00000311936.8|ENSG00000133703.12
HISEQ:1287:HKCG7BCX3:1:1113:17458:44365	FL:1-1|ENST00000311936.8|ENSG00000133703.12
HISEQ:1287:HKCG7BCX3:1:1107:14080:13641	FL:1-1|ENST00000311936.8|ENSG00000133703.12
HISEQ:1287:HKCG7BCX3:1:1106:20981:45219	FL:1-1|ENST00000311936.8|ENSG00000133703.12
HISEQ:1287:HKCG7BCX3:1:1101:19673:78028	FL:1-1|ENST00000311936.8|ENSG00000133703.12
HISEQ:1287:HKCG7BCX3:1:1109:19527:97868	FL:1-1|ENST00000311936.8|ENSG00000133703.12
HISEQ:1287:HKCG7BCX3:1:1109:14698:94276	FL:1-1|ENST00000311936.8|ENSG00000133703.12
HISEQ:1287:HKCG7BCX3:1:1114:17507:23093	FL:1-1|ENST00000311936.8|ENSG00000133703.12
HISEQ:1287:HKCG7BCX3:1:1109:6713:22942	FL:1-1|ENST00000311936.8|ENSG00000133703.12
HISEQ:1287:HKCG7BCX3:1:1102:9094:10890	FL:1-1|ENST00000311936.8|ENSG00000133703.12
HISEQ:1287:HKCG7BCX3:1:1104:16777:75026	FL:1-1|ENST00000311936.8|ENSG00000133703.12
HISEQ:1287:HKCG7BCX3:1:1109:5672:66695	FL:1-1|ENST00000311936.8|ENSG00000133703.12
HISEQ:1287:HKCG7BCX3:1:1104:21230:99526	FL:1-1|ENST00000311936.8|ENSG00000133703.12
HISEQ:1287:HKCG7BCX3:1:1111:4037:30694	FL:1-1|ENST00000311936.8|ENSG00000133703.12
HISEQ:1287:HKCG7BCX3:1:1101:8859:7565	FL:1-1|ENST00000311936.8|ENSG00000133703.12
HISEQ:1287:HKCG7BCX3:1:1102:12901:28966	FL:1-1|ENST00000311936.8|ENSG00000133703.12
HISEQ:1287:HKCG7BCX3:1:1104:17934:72463	FL:1-1|ENST00000311936.8|ENSG00000133703.12
HISEQ:1287:HKCG7BCX3:1:1108:13490:36867	FL:1-1|ENST00000311936.8|ENSG00000133703.12
HISEQ:1287:HKCG7BCX3:1:1112:9533:55818	FL:1-1|ENST00000311936.8|ENSG00000133703.12
HISEQ:1287:HKCG7BCX3:1:1108:16932:38795	FL:2-1|ENST00000256078.9|ENSG00000133703.12
HISEQ:1287:HKCG7BCX3:1:1103:6032:88865	FL:2-1|ENST00000256078.9|ENSG00000133703.12
HISEQ:1287:HKCG7BCX3:1:1105:5626:85579	FL:2-1|ENST00000256078.9|ENSG00000133703.12
HISEQ:1287:HKCG7BCX3:1:1107:18630:69244	FL:2-1|ENST00000256078.9|ENSG00000133703.12
HISEQ:1287:HKCG7BCX3:1:1101:3019:42927	FL:2-1|ENST00000256078.9|ENSG00000133703.12
HISEQ:1287:HKCG7BCX3:1:1103:5279:64893	FL:2-1|ENST00000256078.9|ENSG00000133703.12
HISEQ:1287:HKCG7BCX3:1:1101:6957:64687	FL:3-1|ENST00000557334.5|ENSG00000133703.12
HISEQ:1287:HKCG7BCX3:1:1107:19933:49444	FL:3-1|ENST00000557334.5|ENSG00000133703.12
HISEQ:1287:HKCG7BCX3:1:1107:9058:15845	FL:3-1|ENST00000557334.5|ENSG00000133703.12
HISEQ:1287:HKCG7BCX3:1:1108:19263:36079	FL:4-1|ENST00000225792.10|ENSG00000108654.15
HISEQ:1287:HKCG7BCX3:1:1102:10903:38662	FL:4-1|ENST00000225792.10|ENSG00000108654.15
HISEQ:1287:HKCG7BCX3:1:1107:7382:52227	FL:4-1|ENST00000225792.10|ENSG00000108654.15
HISEQ:1287:HKCG7BCX3:1:1106:8947:51340	FL:4-1|ENST00000225792.10|ENSG00000108654.15
HISEQ:1287:HKCG7BCX3:1:1112:4897:5481	FL:4-1|ENST00000225792.10|ENSG00000108654.15
HISEQ:1287:HKCG7BCX3:1:1113:16790:30153	FL:4-1|ENST00000225792.10|ENSG00000108654.15
HISEQ:1287:HKCG7BCX3:1:1107:12376:46771	FL:4-1|ENST00000225792.10|ENSG00000108654.15
HISEQ:1287:HKCG7BCX3:1:1105:9840:80604	FL:4-1|ENST00000225792.10|ENSG00000108654.15
HISEQ:1287:HKCG7BCX3:1:1106:18818:35182	FL:4-1|ENST00000225792.10|ENSG00000108654.15
HISEQ:1287:HKCG7BCX3:1:1110:14044:71768	FL:4-1|ENST00000225792.10|ENSG00000108654.15
HISEQ:1287:HKCG7BCX3:1:1110:6060:11539	FL:4-1|ENST00000225792.10|ENSG00000108654.15
HISEQ:1287:HKCG7BCX3:1:1104:4764:72876	FL:4-1|ENST00000225792.10|ENSG00000108654.15
HISEQ:1287:HKCG7BCX3:1:1107:20464:39480	FL:4-1|ENST00000225792.10|ENSG00000108654.15
HISEQ:1287:HKCG7BCX3:1:1112:12080:97340	FL:4-1|ENST00000225792.10|ENSG00000108654.15
HISEQ:1287:HKCG7BCX3:1:1105:9119:73087	FL:4-1|ENST00000225792.10|ENSG00000108654.15
HISEQ:1287:HKCG7BCX3:1:1108:18034:85023	FL:4-1|ENST00000225792.10|ENSG00000108654.15
HISEQ:1287:HKCG7BCX3:1:1104:18522:49716	FL:4-1|ENST00000225792.10|ENSG00000108654.15
HISEQ:1287:HKCG7BCX3:1:1108:18810:87764	FL:4-1|ENST00000225792.10|ENSG00000108654.15
HISEQ:1287:HKCG7BCX3:1:1106:1154:67238	FL:4-1|ENST00000225792.10|ENSG00000108654.15
HISEQ:1287:HKCG7BCX3:1:1104:18980:97303	FL:4-1|ENST00000225792.10|ENSG00000108654.15
HISEQ:1287:HKCG7BCX3:1:1110:15390:82194	FL:4-1|ENST00000225792.10|ENSG00000108654.15
HISEQ:1287:HKCG7BCX3:1:1104:12939:93146	FL:4-1|ENST00000225792.10|ENSG00000108654.15
HISEQ:1287:HKCG7BCX3:1:1109:21314:47885	FL:4-1|ENST00000225792.10|ENSG00000108654.15
HISEQ:1287:HKCG7BCX3:1:1103:20782:15800	FL:4-1|ENST00000225792.10|ENSG00000108654.15
HISEQ:1287:HKCG7BCX3:1:1112:11761:43473	FL:4-1|ENST00000225792.10|ENSG00000108654.15
HISEQ:1287:HKCG7BCX3:1:1113:2797:43546	FL:4-1|ENST00000225792.10|ENSG00000108654.15
HISEQ:1287:HKCG7BCX3:1:1102:11500:39441	FL:4-1|ENST00000225792.10|ENSG00000108654.15
HISEQ:1287:HKCG7BCX3:1:1101:15439:56100	FL:4-1|ENST00000225792.10|ENSG00000108654.15
HISEQ:1287:HKCG7BCX3:1:1108:11864:90925	FL:4-1|ENST00000225792.10|ENSG00000108654.15
HISEQ:1287:HKCG7BCX3:1:1110:8450:39433	FL:4-1|ENST00000225792.10|ENSG00000108654.15
HISEQ:1287:HKCG7BCX3:1:1106:4934:92896	FL:4-1|ENST00000225792.10|ENSG00000108654.15
HISEQ:1287:HKCG7BCX3:1:1107:16361:47877	FL:4-1|ENST00000225792.10|ENSG00000108654.15
HISEQ:1287:HKCG7BCX3:1:1107:9964:56874	FL:4-1|ENST00000225792.10|ENSG00000108654.15
HISEQ:1287:HKCG7BCX3:1:1105:9469:16352	FL:4-1|ENST00000225792.10|ENSG00000108654.15
HISEQ:1287:HKCG7BCX3:1:1112:3457:45796	FL:4-1|ENST00000225792.10|ENSG00000108654.15
HISEQ:1287:HKCG7BCX3:1:1101:12504:86667	FL:4-1|ENST00000225792.10|ENSG00000108654.15
HISEQ:1287:HKCG7BCX3:1:1107:16188:97837	FL:4-1|ENST00000225792.10|ENSG00000108654.15
HISEQ:1287:HKCG7BCX3:1:1105:12109:40125	FL:4-1|ENST00000225792.10|ENSG00000108654.15
HISEQ:1287:HKCG7BCX3:1:1107:14145:11698	FL:4-1|ENST00000225792.10|ENSG00000108654.15
HISEQ:1287:HKCG7BCX3:1:1114:13388:10075	FL:4-1|ENST00000225792.10|ENSG00000108654.15
HISEQ:1287:HKCG7BCX3:1:1114:19410:25096	FL:4-1|ENST00000225792.10|ENSG00000108654.15
HISEQ:1287:HKCG7BCX3:1:1105:16169:66458	FL:4-1|ENST00000225792.10|ENSG00000108654.15
HISEQ:1287:HKCG7BCX3:1:1111:17697:89594	FL:4-1|ENST00000225792.10|ENSG00000108654.15
HISEQ:1287:HKCG7BCX3:1:1104:7284:5349	FL:4-1|ENST00000225792.10|ENSG00000108654.15
HISEQ:1287:HKCG7BCX3:1:1108:20010:14395	FL:4-1|ENST00000225792.10|ENSG00000108654.15
HISEQ:1287:HKCG7BCX3:1:1108:10800:5656	FL:4-1|ENST00000225792.10|ENSG00000108654.15
HISEQ:1287:HKCG7BCX3:1:1111:2167:83946	FL:4-1|ENST00000225792.10|ENSG00000108654.15
HISEQ:1287:HKCG7BCX3:1:1107:4619:28061	FL:4-1|ENST00000225792.10|ENSG00000108654.15
HISEQ:1287:HKCG7BCX3:1:1114:10450:30701	FL:4-1|ENST00000225792.10|ENSG00000108654.15
HISEQ:1287:HKCG7BCX3:1:1112:4159:73838	FL:4-1|ENST00000225792.10|ENSG00000108654.15
HISEQ:1287:HKCG7BCX3:1:1103:4131:42769	FL:4-1|ENST00000225792.10|ENSG00000108654.15
HISEQ:1287:HKCG7BCX3:1:1108:11890:4978	FL:4-1|ENST00000225792.10|ENSG00000108654.15
HISEQ:1287:HKCG7BCX3:1:1105:8148:44134	FL:4-1|ENST00000225792.10|ENSG00000108654.15
HISEQ:1287:HKCG7BCX3:1:1101:10005:49173	FL:4-1|ENST00000225792.10|ENSG00000108654.15
HISEQ:1287:HKCG7BCX3:1:1110:2736:57084	FL:4-1|ENST00000225792.10|ENSG00000108654.15
HISEQ:1287:HKCG7BCX3:1:1102:19405:75285	FL:4-1|ENST00000225792.10|ENSG00000108654.15
HISEQ:1287:HKCG7BCX3:1:1102:3357:23309	FL:4-1|ENST00000225792.10|ENSG00000108654.15
HISEQ:1287:HKCG7BCX3:1:1107:6965:52388	FL:4-1|ENST00000225792.10|ENSG00000108654.15
HISEQ:1287:HKCG7BCX3:1:1106:14021:18092	FL:4-1|ENST00000225792.10|ENSG00000108654.15
HISEQ:1287:HKCG7BCX3:1:1101:14242:16156	FL:6-1|ENST00000584279.5|ENSG00000108654.15
HISEQ:1287:HKCG7BCX3:1:1101:4683:89210	FL:6-1|ENST00000584279.5|ENSG00000108654.15
HISEQ:1287:HKCG7BCX3:1:1111:17221:29186	FL:6-1|ENST00000584279.5|ENSG00000108654.15
HISEQ:1287:HKCG7BCX3:1:1106:3630:89876	FL:6-1|ENST00000584279.5|ENSG00000108654.15
HISEQ:1287:HKCG7BCX3:1:1109:8674:68396	FL:6-1|ENST00000584279.5|ENSG00000108654.15
HISEQ:1287:HKCG7BCX3:1:1102:2151:27038	FL:13-1|FL:13-1|ENSG00000108654.15
HISEQ:1287:HKCG7BCX3:1:1101:2210:80994	FL:13-1|FL:13-1|ENSG00000108654.15
HISEQ:1287:HKCG7BCX3:1:1107:18614:12506	FL:13-1|FL:13-1|ENSG00000108654.15
HISEQ:1287:HKCG7BCX3:1:1113:18738:100133	FL:13-1|FL:13-1|ENSG00000108654.15
HISEQ:1287:HKCG7BCX3:1:1107:6846:43475	FL:13-1|FL:13-1|ENSG00000108654.15
HISEQ:1287:HKCG7BCX3:1:1103:5067:31391	FL:13-1|FL:13-1|ENSG00000108654.15
HISEQ:1287:HKCG7BCX3:1:1110:21082:13712	FL:14-1|FL:14-1|ENSG00000108654.15
HISEQ:1287:HKCG7BCX3:1:1106:9288:44722	FL:14-1|FL:14-1|ENSG00000108654.15
HISEQ:1287:HKCG7BCX3:1:1104:7184:85634	FL:14-1|FL:14-1|ENSG00000108654.15
HISEQ:1287:HKCG7BCX3:1:1106:15192:70510	FL:14-1|FL:14-1|ENSG00000108654.15
HISEQ:1287:HKCG7BCX3:1:1107:19187:63829	FL:14-1|FL:14-1|ENSG00000108654.15
HISEQ:1287:HKCG7BCX3:1:1112:13037:84624	FL:14-1|FL:14-1|ENSG00000108654.15
HISEQ:1287:HKCG7BCX3:1:1111:3501:3070	FL:14-1|FL:14-1|ENSG00000108654.15
HISEQ:1287:HKCG7BCX3:1:1109:7352:76667	FL:14-1|FL:14-1|ENSG00000108654.15
HISEQ:1287:HKCG7BCX3:1:1101:16467:78210	FL:14-1|FL:14-1|ENSG00000108654.15
HISEQ:1287:HKCG7BCX3:1:1106:7972:55595	FL:14-1|FL:14-1|ENSG00000108654.15
HISEQ:1287:HKCG7BCX3:1:1110:12568:26173	FL:14-1|FL:14-1|ENSG00000108654.15
HISEQ:1287:HKCG7BCX3:1:1106:8507:35745	FL:14-1|FL:14-1|ENSG00000108654.15
HISEQ:1287:HKCG7BCX3:1:1107:19056:59382	FL:14-1|FL:14-1|ENSG00000108654.15
HISEQ:1287:HKCG7BCX3:1:1102:1181:55672	FL:14-1|FL:14-1|ENSG00000108654.15
HISEQ:1287:HKCG7BCX3:1:1109:17200:6496	FL:14-1|FL:14-1|ENSG00000108654.15
HISEQ:1287:HKCG7BCX3:1:1114:3344:10847	FL:14-1|FL:14-1|ENSG00000108654.15
HISEQ:1287:HKCG7BCX3:1:1104:6190:44565	FL:14-1|FL:14-1|ENSG00000108654.15
HISEQ:1287:HKCG7BCX3:1:1105:19446:79973	FL:14-1|FL:14-1|ENSG00000108654.15
HISEQ:1287:HKCG7BCX3:1:1101:9888:74895	FL:14-1|FL:14-1|ENSG00000108654.15
HISEQ:1287:HKCG7BCX3:1:1101:2328:12754	FL:15-1|FL:15-1|ENSG00000108654.15
HISEQ:1287:HKCG7BCX3:1:1108:15593:38717	FL:15-1|FL:15-1|ENSG00000108654.15
HISEQ:1287:HKCG7BCX3:1:1106:4596:17664	FL:15-1|FL:15-1|ENSG00000108654.15
HISEQ:1287:HKCG7BCX3:1:1108:10984:29952	FL:15-1|FL:15-1|ENSG00000108654.15
HISEQ:1287:HKCG7BCX3:1:1103:2439:18739	FL:15-1|FL:15-1|ENSG00000108654.15
HISEQ:1287:HKCG7BCX3:1:1104:12736:95343	FL:15-1|FL:15-1|ENSG00000108654.15
HISEQ:1287:HKCG7BCX3:1:1106:7816:53528	FL:15-1|FL:15-1|ENSG00000108654.15
HISEQ:1287:HKCG7BCX3:1:1108:5570:17889	FL:15-1|FL:15-1|ENSG00000108654.15
HISEQ:1287:HKCG7BCX3:1:1113:12563:45354	FL:15-1|FL:15-1|ENSG00000108654.15
HISEQ:1287:HKCG7BCX3:1:1112:2587:100492	FL:15-1|FL:15-1|ENSG00000108654.15
HISEQ:1287:HKCG7BCX3:1:1113:7666:2593	FL:15-1|FL:15-1|ENSG00000108654.15
HISEQ:1287:HKCG7BCX3:1:1104:17360:92325	FL:15-1|FL:15-1|ENSG00000108654.15
HISEQ:1287:HKCG7BCX3:1:1110:6546:88131	FL:16-1|FL:16-1|ENSG00000108654.15
HISEQ:1287:HKCG7BCX3:1:1108:2492:29292	FL:16-1|FL:16-1|ENSG00000108654.15
HISEQ:1287:HKCG7BCX3:1:1102:16295:99833	FL:16-1|FL:16-1|ENSG00000108654.15
HISEQ:1287:HKCG7BCX3:1:1106:19570:40539	FL:16-1|FL:16-1|ENSG00000108654.15
HISEQ:1287:HKCG7BCX3:1:1107:7300:43951	FL:16-1|FL:16-1|ENSG00000108654.15
HISEQ:1287:HKCG7BCX3:1:1106:7260:52199	FL:16-1|FL:16-1|ENSG00000108654.15
HISEQ:1287:HKCG7BCX3:1:1103:19476:14877	FL:16-1|FL:16-1|ENSG00000108654.15
HISEQ:1287:HKCG7BCX3:1:1112:14851:14631	FL:16-1|FL:16-1|ENSG00000108654.15
HISEQ:1287:HKCG7BCX3:1:1102:14447:25682	FL:16-1|FL:16-1|ENSG00000108654.15
HISEQ:1287:HKCG7BCX3:1:1105:13932:60832	FL:16-1|FL:16-1|ENSG00000108654.15
HISEQ:1287:HKCG7BCX3:1:1106:21148:100714	FL:17-1|FL:17-1|ENSG00000108654.15
HISEQ:1287:HKCG7BCX3:1:1107:10606:43290	FL:17-1|FL:17-1|ENSG00000108654.15
HISEQ:1287:HKCG7BCX3:1:1103:5649:96402	FL:17-1|FL:17-1|ENSG00000108654.15
HISEQ:1287:HKCG7BCX3:1:1105:14115:69942	FL:17-1|FL:17-1|ENSG00000108654.15
HISEQ:1287:HKCG7BCX3:1:1109:18768:53022	FL:17-1|FL:17-1|ENSG00000108654.15
HISEQ:1287:HKCG7BCX3:1:1113:3841:94404	FL:17-1|FL:17-1|ENSG00000108654.15
HISEQ:1287:HKCG7BCX3:1:1112:8619:86165	FL:17-1|FL:17-1|ENSG00000108654.15
HISEQ:1287:HKCG7BCX3:1:1114:10765:32451	FL:17-1|FL:17-1|ENSG00000108654.15
HISEQ:1287:HKCG7BCX3:1:1105:14156:34741	FL:17-1|FL:17-1|ENSG00000108654.15
HISEQ:1287:HKCG7BCX3:1:1112:12774:86372	FL:17-1|FL:17-1|ENSG00000108654.15
HISEQ:1287:HKCG7BCX3:1:1103:6895:79780	FL:17-1|FL:17-1|ENSG00000108654.15
HISEQ:1287:HKCG7BCX3:1:1103:3225:51401	FL:17-1|FL:17-1|ENSG00000108654.15
HISEQ:1287:HKCG7BCX3:1:1105:19856:11751	FL:17-1|FL:17-1|ENSG00000108654.15
HISEQ:1287:HKCG7BCX3:1:1106:11025:52034	FL:7-1|ENST00000348547.6|ENSG00000125991.19
HISEQ:1287:HKCG7BCX3:1:1103:6164:79081	FL:7-1|ENST00000348547.6|ENSG00000125991.19
HISEQ:1287:HKCG7BCX3:1:1109:1127:51464	FL:7-1|ENST00000348547.6|ENSG00000125991.19
HISEQ:1287:HKCG7BCX3:1:1106:18784:10976	FL:7-1|ENST00000348547.6|ENSG00000125991.19
HISEQ:1287:HKCG7BCX3:1:1114:4207:29544	FL:7-1|ENST00000348547.6|ENSG00000125991.19
HISEQ:1287:HKCG7BCX3:1:1101:17537:44867	FL:7-1|ENST00000348547.6|ENSG00000125991.19
HISEQ:1287:HKCG7BCX3:1:1105:18881:3194	FL:7-1|ENST00000348547.6|ENSG00000125991.19
HISEQ:1287:HKCG7BCX3:1:1114:9501:28790	FL:7-1|ENST00000348547.6|ENSG00000125991.19
HISEQ:1287:HKCG7BCX3:1:1105:4855:90801	FL:7-1|ENST00000348547.6|ENSG00000125991.19
HISEQ:1287:HKCG7BCX3:1:1109:6625:34650	FL:7-1|ENST00000348547.6|ENSG00000125991.19
HISEQ:1287:HKCG7BCX3:1:1105:9729:7349	FL:7-1|ENST00000348547.6|ENSG00000125991.19
HISEQ:1287:HKCG7BCX3:1:1112:4319:69595	FL:7-1|ENST00000348547.6|ENSG00000125991.19
HISEQ:1287:HKCG7BCX3:1:1105:8413:48748	FL:7-1|ENST00000348547.6|ENSG00000125991.19
HISEQ:1287:HKCG7BCX3:1:1107:4601:40530	FL:7-1|ENST00000348547.6|ENSG00000125991.19
HISEQ:1287:HKCG7BCX3:1:1110:20919:71772	FL:7-1|ENST00000348547.6|ENSG00000125991.19
HISEQ:1287:HKCG7BCX3:1:1107:17277:100713	FL:7-1|ENST00000348547.6|ENSG00000125991.19
HISEQ:1287:HKCG7BCX3:1:1109:8316:23095	FL:7-1|ENST00000348547.6|ENSG00000125991.19
HISEQ:1287:HKCG7BCX3:1:1103:8637:16349	FL:7-1|ENST00000348547.6|ENSG00000125991.19
HISEQ:1287:HKCG7BCX3:1:1102:10733:30772	FL:7-1|ENST00000348547.6|ENSG00000125991.19
HISEQ:1287:HKCG7BCX3:1:1114:19778:40129	FL:7-1|ENST00000348547.6|ENSG00000125991.19
HISEQ:1287:HKCG7BCX3:1:1111:12131:61185	FL:7-1|ENST00000348547.6|ENSG00000125991.19
HISEQ:1287:HKCG7BCX3:1:1107:7942:99810	FL:7-1|ENST00000348547.6|ENSG00000125991.19
HISEQ:1287:HKCG7BCX3:1:1107:12155:62820	FL:7-1|ENST00000348547.6|ENSG00000125991.19
HISEQ:1287:HKCG7BCX3:1:1107:19845:66471	FL:7-1|ENST00000348547.6|ENSG00000125991.19
HISEQ:1287:HKCG7BCX3:1:1111:12386:2800	FL:7-1|ENST00000348547.6|ENSG00000125991.19
HISEQ:1287:HKCG7BCX3:1:1113:18421:95474	FL:7-1|ENST00000348547.6|ENSG00000125991.19
HISEQ:1287:HKCG7BCX3:1:1113:3575:72192	FL:7-1|ENST00000348547.6|ENSG00000125991.19
HISEQ:1287:HKCG7BCX3:1:1110:5282:67989	FL:7-1|ENST00000348547.6|ENSG00000125991.19
HISEQ:1287:HKCG7BCX3:1:1113:12639:55852	FL:7-1|ENST00000348547.6|ENSG00000125991.19
HISEQ:1287:HKCG7BCX3:1:1107:9298:42577	FL:8-1|ENST00000357394.8|ENSG00000125991.19
HISEQ:1287:HKCG7BCX3:1:1105:5881:94803	FL:8-1|ENST00000357394.8|ENSG00000125991.19
HISEQ:1287:HKCG7BCX3:1:1104:19469:49299	FL:8-1|ENST00000357394.8|ENSG00000125991.19
HISEQ:1287:HKCG7BCX3:1:1113:19791:95859	FL:8-1|ENST00000357394.8|ENSG00000125991.19
HISEQ:1287:HKCG7BCX3:1:1102:9585:100704	FL:8-1|ENST00000357394.8|ENSG00000125991.19
HISEQ:1287:HKCG7BCX3:1:1113:20854:85394	FL:8-1|ENST00000357394.8|ENSG00000125991.19
HISEQ:1287:HKCG7BCX3:1:1113:4461:82672	FL:8-1|ENST00000357394.8|ENSG00000125991.19
HISEQ:1287:HKCG7BCX3:1:1106:12029:5805	FL:11-1|ENST00000451605.1|ENSG00000125991.19
HISEQ:1287:HKCG7BCX3:1:1113:10231:17490	FL:11-1|ENST00000451605.1|ENSG00000125991.19
HISEQ:1287:HKCG7BCX3:1:1109:16615:94483	FL:11-1|ENST00000451605.1|ENSG00000125991.19
HISEQ:1287:HKCG7BCX3:1:1104:18450:12186	FL:11-1|ENST00000451605.1|ENSG00000125991.19
HISEQ:1287:HKCG7BCX3:1:1113:14335:17945	FL:11-1|ENST00000451605.1|ENSG00000125991.19
HISEQ:1287:HKCG7BCX3:1:1107:14293:7846	FL:11-1|ENST00000451605.1|ENSG00000125991.19
HISEQ:1287:HKCG7BCX3:1:1106:18539:77826	FL:11-1|ENST00000451605.1|ENSG00000125991.19
HISEQ:1287:HKCG7BCX3:1:1101:4377:71859	FL:11-1|ENST00000451605.1|ENSG00000125991.19
HISEQ:1287:HKCG7BCX3:1:1103:18205:36615	FL:11-1|ENST00000451605.1|ENSG00000125991.19
HISEQ:1287:HKCG7BCX3:1:1104:6341:30679	FL:11-1|ENST00000451605.1|ENSG00000125991.19
HISEQ:1287:HKCG7BCX3:1:1105:14367:86687	FL:11-1|ENST00000451605.1|ENSG00000125991.19
HISEQ:1287:HKCG7BCX3:1:1111:16109:44469	FL:11-1|ENST00000451605.1|ENSG00000125991.19
HISEQ:1287:HKCG7BCX3:1:1112:17437:58486	FL:11-1|ENST00000451605.1|ENSG00000125991.19
HISEQ:1287:HKCG7BCX3:1:1112:15663:73849	FL:18-1|FL:18-1|ENSG00000125991.19
HISEQ:1287:HKCG7BCX3:1:1111:12413:73691	FL:18-1|FL:18-1|ENSG00000125991.19
HISEQ:1287:HKCG7BCX3:1:1110:10131:27056	FL:18-1|FL:18-1|ENSG00000125991.19
HISEQ:1287:HKCG7BCX3:1:1102:15276:33722	FL:18-1|FL:18-1|ENSG00000125991.19
HISEQ:1287:HKCG7BCX3:1:1102:8208:11491	FL:18-1|FL:18-1|ENSG00000125991.19
HISEQ:1287:HKCG7BCX3:1:1108:8254:2755	FL:18-1|FL:18-1|ENSG00000125991.19
HISEQ:1287:HKCG7BCX3:1:1107:1860:58204	FL:18-1|FL:18-1|ENSG00000125991.19
HISEQ:1287:HKCG7BCX3:1:1106:18816:99230	FL:18-1|FL:18-1|ENSG00000125991.19
HISEQ:1287:HKCG7BCX3:1:1103:15351:81695	FL:18-1|FL:18-1|ENSG00000125991.19
HISEQ:1287:HKCG7BCX3:1:1105:17882:93265	FL:18-1|FL:18-1|ENSG00000125991.19
