FL:1-1|FL:1-1|chr20:32186000	99bfe5c4-0f3a-4f4d-b5c9-bac459c45e5c,45528093-50b8-4cbf-b48b-319e42c26e23,51bc8eeb-9145-438c-af37-2338b56cc8c0,9da72b46-6af9-4daa-8e38-a1f148d5e8b8,b33c4505-53ca-4572-b22a-f7f2e40f6c43
FL:2-1|FL:2-1|chr20:32188000	84e8a5e9-5a9b-4870-bb9a-2ad04de15a49,dacb19c8-04e7-4539-b6a9-c99f511f31a3,ff38e824-6ce4-47ff-8d5b-02aa33d5762d
